Archive member included because of file (symbol)

C:\Program Files (x86)\VEX Robotics\VEXcode Pro V5\sdk/vexv5\libv5rt.a(v5_startup.c.obj)
                              (vexStartup)
C:\Program Files (x86)\VEX Robotics\VEXcode Pro V5\sdk/vexv5\libv5rt.a(v5_util.c.obj)
                              C:\Program Files (x86)\VEX Robotics\VEXcode Pro V5\sdk/vexv5\libv5rt.a(v5_startup.c.obj) (vexStdlibVersionLinked)
C:\Program Files (x86)\VEX Robotics\VEXcode Pro V5\sdk/vexv5\libv5rt.a(v5_apijump.c.obj)
                              C:\Program Files (x86)\VEX Robotics\VEXcode Pro V5\sdk/vexv5\libv5rt.a(v5_startup.c.obj) (vexPrivateApiEnable)
C:\Program Files (x86)\VEX Robotics\VEXcode Pro V5\sdk/vexv5\libv5rt.a(v5_apiversions.c.obj)
                              C:\Program Files (x86)\VEX Robotics\VEXcode Pro V5\sdk/vexv5\libv5rt.a(v5_apijump.c.obj) (vexSystemVersion)
C:\Program Files (x86)\VEX Robotics\VEXcode Pro V5\sdk/vexv5\libv5rt.a(vex_global.cpp.obj)
                              build/src/main.o (vex::yellow)
C:\Program Files (x86)\VEX Robotics\VEXcode Pro V5\sdk/vexv5\libv5rt.a(vex_motor.cpp.obj)
                              build/src/main.o (vex::motor::~motor())
C:\Program Files (x86)\VEX Robotics\VEXcode Pro V5\sdk/vexv5\libv5rt.a(vex_vision.cpp.obj)
                              build/src/main.o (vex::vision::~vision())
C:\Program Files (x86)\VEX Robotics\VEXcode Pro V5\sdk/vexv5\libv5rt.a(vex_imu.cpp.obj)
                              build/src/main.o (vex::inertial::~inertial())
C:\Program Files (x86)\VEX Robotics\VEXcode Pro V5\sdk/vexv5\libv5rt.a(vex_distance.cpp.obj)
                              build/src/main.o (vex::distance::~distance())
C:\Program Files (x86)\VEX Robotics\VEXcode Pro V5\sdk/vexv5\libv5rt.a(vex_gps.cpp.obj)
                              build/src/main.o (vex::gps::~gps())
C:\Program Files (x86)\VEX Robotics\VEXcode Pro V5\sdk/vexv5\libv5rt.a(vex_controller.cpp.obj)
                              build/src/main.o (vex::controller::~controller())
C:\Program Files (x86)\VEX Robotics\VEXcode Pro V5\sdk/vexv5\libv5rt.a(vex_task.cpp.obj)
                              build/src/main.o (vex::task::sleep(unsigned long))
C:\Program Files (x86)\VEX Robotics\VEXcode Pro V5\sdk/vexv5\libv5rt.a(vex_thread.cpp.obj)
                              build/src/main.o (vex::thread::thread(int (*)()))
C:\Program Files (x86)\VEX Robotics\VEXcode Pro V5\sdk/vexv5\libv5rt.a(vex_event.cpp.obj)
                              C:\Program Files (x86)\VEX Robotics\VEXcode Pro V5\sdk/vexv5\libv5rt.a(vex_imu.cpp.obj) (vex::event::init(unsigned long, unsigned long, void (*)()))
C:\Program Files (x86)\VEX Robotics\VEXcode Pro V5\sdk/vexv5\libv5rt.a(vex_mevent.cpp.obj)
                              C:\Program Files (x86)\VEX Robotics\VEXcode Pro V5\sdk/vexv5\libv5rt.a(vex_controller.cpp.obj) (vex::mevent::mevent(unsigned long, unsigned long))
C:\Program Files (x86)\VEX Robotics\VEXcode Pro V5\sdk/vexv5\libv5rt.a(vex_brain.cpp.obj)
                              build/src/main.o (vex::brain::lcd::setCursor(long, long))
C:\Program Files (x86)\VEX Robotics\VEXcode Pro V5\sdk/vexv5\libv5rt.a(vex_competition.cpp.obj)
                              build/src/main.o (vex::competition::competition())
C:\Program Files (x86)\VEX Robotics\VEXcode Pro V5\sdk/vexv5\libv5rt.a(vex_triport.cpp.obj)
                              build/src/main.o (vex::triport::~triport())
C:\Program Files (x86)\VEX Robotics\VEXcode Pro V5\sdk/vexv5\libv5rt.a(vex_color.cpp.obj)
                              build/src/main.o (vex::color::~color())
C:\Program Files (x86)\VEX Robotics\VEXcode Pro V5\sdk/vexv5\libv5rt.a(vex_timer.cpp.obj)
                              build/src/main.o (vex::timer::~timer())
C:\Program Files (x86)\VEX Robotics\VEXcode Pro V5\sdk/vexv5\libv5rt.a(vex_motorgroup.cpp.obj)
                              build/src/main.o (vex::motor_group::motor_group())
C:\Program Files (x86)\VEX Robotics\VEXcode Pro V5\sdk/vexv5\libv5rt.a(v5_apiuser.c.obj)
                              C:\Program Files (x86)\VEX Robotics\VEXcode Pro V5\sdk/vexv5\libv5rt.a(vex_triport.cpp.obj) (vexAdiPortConfigSet)
C:\Program Files (x86)\VEX Robotics\VEXcode Pro V5\sdk/vexv5\libv5rt.a(vex_device.cpp.obj)
                              C:\Program Files (x86)\VEX Robotics\VEXcode Pro V5\sdk/vexv5\libv5rt.a(vex_motor.cpp.obj) (vex::device::~device())
C:\Program Files (x86)\VEX Robotics\VEXcode Pro V5\sdk/vexv5/gcc/libs\libstdc++.a(class_type_info.o)
                              build/src/main.o (vtable for __cxxabiv1::__class_type_info)
C:\Program Files (x86)\VEX Robotics\VEXcode Pro V5\sdk/vexv5/gcc/libs\libstdc++.a(si_class_type_info.o)
                              build/src/main.o (vtable for __cxxabiv1::__si_class_type_info)
C:\Program Files (x86)\VEX Robotics\VEXcode Pro V5\sdk/vexv5/gcc/libs\libstdc++.a(tinfo.o)
[...]
Memory Configuration

Name             Origin             Length             Attributes
ps7_ddr_0_S_AXI_BASEADDR 0x03800000         0x04800000
*default*        0x00000000         0xffffffff

Linker script and memory map

                0x00002000                _STACK_SIZE = DEFINED (_STACK_SIZE)?_STACK_SIZE:0x2000
                0x00100000                _HEAP_SIZE = DEFINED (_HEAP_SIZE)?_HEAP_SIZE:0x100000
                0x00000400                _ABORT_STACK_SIZE = DEFINED (_ABORT_STACK_SIZE)?_ABORT_STACK_SIZE:0x400
                0x00000800                _SUPERVISOR_STACK_SIZE = DEFINED (_SUPERVISOR_STACK_SIZE)?_SUPERVISOR_STACK_SIZE:0x800
                0x00000400                _IRQ_STACK_SIZE = DEFINED (_IRQ_STACK_SIZE)?_IRQ_STACK_SIZE:0x400
                0x00000400                _FIQ_STACK_SIZE = DEFINED (_FIQ_STACK_SIZE)?_FIQ_STACK_SIZE:0x400
                0x00000400                _UNDEF_STACK_SIZE = DEFINED (_UNDEF_STACK_SIZE)?_UNDEF_STACK_SIZE:0x400

.text           0x03800000     0xefd0
 *(.vectors)
 *(.boot_data)
 .boot_data     0x03800000       0x20 C:\Program Files (x86)\VEX Robotics\VEXcode Pro V5\sdk/vexv5\libv5rt.a(v5_startup.c.obj)
                0x03800000                vexCodeSig
                0x00000020                . = 0x20
 *(.boot)
 .boot          0x03800020       0xbc C:\Program Files (x86)\VEX Robotics\VEXcode Pro V5\sdk/vexv5\libv5rt.a(v5_startup.c.obj)
                0x03800020                vexStartup
                0x03800100                . = ALIGN (0x40)
 *fill*         0x038000dc       0x24 
 *(.freertos_vectors)
 *(.text)
 .text          0x03800100       0x3a C:\Program Files (x86)\VEX Robotics\VEXcode Pro V5\sdk/vexv5/gcc/libs\libc.a(lib_a-aeabi_memmove-soft.o)
                0x03800100                __aeabi_memmove4
                0x03800100                __aeabi_memmove
                0x03800100                __aeabi_memmove8
 .text          0x0380013a       0x9a C:\Program Files (x86)\VEX Robotics\VEXcode Pro V5\sdk/vexv5/gcc/libs\libc.a(lib_a-aeabi_memset-soft.o)
                0x0380013a                __aeabi_memset8
                0x0380013a                __aeabi_memset
                0x0380013a                __aeabi_memset4
 *(.text.*)
 *fill*         0x038001d4        0x4 
 .text._Z13windowsLoaderv
                0x038001d8      0x2f0 build/src/main.o
                0x038001d8                windowsLoader()
 .text._ZlsRSoR7PVector
                0x038004c8       0x6c build/src/main.o
                0x038004c8                operator<<(std::ostream&, PVector&)
 .text._Z5toCcpd
                0x03800534      0x260 build/src/main.o
                0x03800534                toCcp(double)
 *fill*         0x03800794        0x4 
 .text._Z9posNeg180d
                0x03800798       0xa0 build/src/main.o
                0x03800798                posNeg180(double)
 .text._Z17bezierInterpolate9VectorArrd
                0x03800838      0x184 build/src/main.o
                0x03800838                bezierInterpolate(VectorArr, double)
 .text._Z11bezierCurve9VectorArrd
                0x038009bc       0xe8 build/src/main.o
                0x038009bc                bezierCurve(VectorArr, double)
 .text._Z16bezierDerivative9VectorArrd
                0x03800aa4      0x12c build/src/main.o
                0x03800aa4                bezierDerivative(VectorArr, double)
 .text._Z9bezierAcc9VectorArrd
                0x03800bd0      0x12c build/src/main.o
                0x03800bd0                bezierAcc(VectorArr, double)
 .text._Z15bezierCurvature9VectorArrd
                0x03800cfc      0x19c build/src/main.o
                0x03800cfc                bezierCurvature(VectorArr, double)
 .text._ZN15BasicLinkedListIRP20BasicWheelControllerS2_S1_S0_ED2Ev
                0x03800e98       0x28 build/src/main.o
                0x03800e98                BasicLinkedList<BasicWheelController*&, BasicWheelController*&, BasicWheelController*, BasicWheelController>::~BasicLinkedList()
 .text._ZNSt6vectorIPN3vex6threadESaIS2_EED2Ev
                0x03800ec0       0x24 build/src/main.o
                0x03800ec0                std::vector<vex::thread*, std::allocator<vex::thread*> >::~vector()
 .text._ZNSt6vectorIP11LineCounterSaIS1_EED2Ev
                0x03800ee4       0x24 build/src/main.o
                0x03800ee4                std::vector<LineCounter*, std::allocator<LineCounter*> >::~vector()
 .text._ZN3vex6visionC2IJNS0_9signatureES2_S2_S2_S2_S2_S2_EEElhDpRT_
                0x03800f08       0x64 build/src/main.o
                0x03800f08                vex::vision::vision<vex::vision::signature, vex::vision::signature, vex::vision::signature, vex::vision::signature, vex::vision::signature, vex::vision::signature, vex::vision::signature>(long, unsigned char, vex::vision::signature&, vex::vision::signature&, vex::vision::signature&, vex::vision::signature&, vex::vision::signature&, vex::vision::signature&, vex::vision::signature&)
 .text._ZN3vex11motor_groupC2IJNS_5motorES2_EEERS2_DpRT_
                0x03800f6c       0x44 build/src/main.o
                0x03800f6c                vex::motor_group::motor_group<vex::motor, vex::motor>(vex::motor&, vex::motor&, vex::motor&)
 .text._ZN8NewMotorIN3vex5motorEED2Ev
                0x03800fb0       0x24 build/src/main.o
                0x03800fb0                NewMotor<vex::motor>::~NewMotor()
 .text._ZN11LineCounterC2ERN3vex7triport4portE
                0x03800fd4       0x90 build/src/main.o
                0x03800fd4                LineCounter::LineCounter(vex::triport::port&)
 .text._ZN8DistanceC2ERKl
                0x03801064      0x330 build/src/main.o
                0x03801064                Distance::Distance(long const&)
 .text._ZN8DistanceD2Ev
                0x03801394       0x1c build/src/main.o
                0x03801394                Distance::~Distance()
 .text._ZN7PotDial10ControllerISt8functionIFvvEEEC2IJS_S_S_EEEDpRT_
                0x038013b0       0xcc build/src/main.o
                0x038013b0                PotDial::Controller<std::function<void ()> >::Controller<PotDial, PotDial, PotDial>(PotDial&, PotDial&, PotDial&)
 .text._ZN7PotDial10ControllerISt8functionIFvvEEED2Ev
                0x0380147c       0x40 build/src/main.o
                0x0380147c                PotDial::Controller<std::function<void ()> >::~Controller()
 .text._ZN7PVectorC2ESt16initializer_listIdE
                0x038014bc       0xd0 build/src/main.o
                0x038014bc                PVector::PVector(std::initializer_list<double>)
 .text._ZNSt6vectorI3RefIN3vex7triport4portEESaIS4_EED2Ev
                0x0380158c       0x24 build/src/main.o
                0x0380158c                std::vector<Ref<vex::triport::port>, std::allocator<Ref<vex::triport::port> > >::~vector()
 .text._ZNSt6vectorI3RefIN3vex7triport4portEESaIS4_EEC2ERKS6_
                0x038015b0       0x6c build/src/main.o
                0x038015b0                std::vector<Ref<vex::triport::port>, std::allocator<Ref<vex::triport::port> > >::vector(std::vector<Ref<vex::triport::port>, std::allocator<Ref<vex::triport::port> > > const&)
 .text._ZNSt6vectorIdSaIdEEC2ESt16initializer_listIdERKS0_
                0x0380161c       0x58 build/src/main.o
                0x0380161c                std::vector<double, std::allocator<double> >::vector(std::initializer_list<double>, std::allocator<double> const&)
 .text._ZN10PositionerC2ESt6vectorI3RefIN3vex7triport4portEESaIS5_EES7_S0_IdSaIdEES9_S9_S9_ddd
                0x03801674      0x24c build/src/main.o
                0x03801674                Positioner::Positioner(std::vector<Ref<vex::triport::port>, std::allocator<Ref<vex::triport::port> > >, std::vector<Ref<vex::triport::port>, std::allocator<Ref<vex::triport::port> > >, std::vector<double, std::allocator<double> >, std::vector<double, std::allocator<double> >, std::vector<double, std::allocator<double> >, std::vector<double, std::allocator<double> >, double, double, double)
 .text._ZN10PositionerD2Ev
                0x038018c0       0x94 build/src/main.o
                0x038018c0                Positioner::~Positioner()
 .text._ZN9GPS_ShareD2Ev
                0x03801954       0x3c build/src/main.o
                0x03801954                GPS_Share::~GPS_Share()
 .text._ZN16Omni_6ControllerC2ERN3vex5motorES2_S2_S2_S2_S2_R9GPS_Share
                0x03801990      0x120 build/src/main.o
                0x03801990                Omni_6Controller::Omni_6Controller(vex::motor&, vex::motor&, vex::motor&, vex::motor&, vex::motor&, vex::motor&, GPS_Share&)
 .text._ZN20BasicWheelControllerD2Ev
                0x03801ab0      0x110 build/src/main.o
                0x03801ab0                BasicWheelController::~BasicWheelController()
 .text._ZN3$_1D2Ev
                0x03801bc0       0x34 build/src/main.o
 .text._ZNSt10_List_baseISt8functionIFvvEESaIS2_EED2Ev
                0x03801bf4       0x18 build/src/main.o
                0x03801bf4                std::_List_base<std::function<void ()>, std::allocator<std::function<void ()> > >::~_List_base()
 .text._ZN8ClassFns10unclipGoalEb
                0x03801c0c       0xec build/src/main.o
                0x03801c0c                ClassFns::unclipGoal(bool)
 .text._ZN8ClassFns14unclipLiftGoalEb
                0x03801cf8       0xec build/src/main.o
                0x03801cf8                ClassFns::unclipLiftGoal(bool)
 .text._ZN20BasicWheelController8moveLeftEi
                0x03801de4       0x68 build/src/main.o
                0x03801de4                BasicWheelController::moveLeft(int)
 .text._ZN20BasicWheelController9moveRightEi
                0x03801e4c       0x68 build/src/main.o
                0x03801e4c                BasicWheelController::moveRight(int)
 .text._ZN20BasicWheelController10coastBrakeEv
                0x03801eb4       0x64 build/src/main.o
                0x03801eb4                BasicWheelController::coastBrake()
 .text._ZNSt6vectorISt8functionIFvbEESaIS2_EED2Ev
                0x03801f18       0x5c build/src/main.o
                0x03801f18                std::vector<std::function<void (bool)>, std::allocator<std::function<void (bool)> > >::~vector()
 *fill*         0x03801f74        0x4 
 .text._Z14updateBotAngleb
                0x03801f78      0x228 build/src/main.o
                0x03801f78                updateBotAngle(bool)
 .text._Z8trackPosv
                0x038021a0       0x38 build/src/main.o
                0x038021a0                trackPos()
 .text._ZN10Positioner6updateEbi
                0x038021d8      0x498 build/src/main.o
                0x038021d8                Positioner::update(bool, int)
 .text._Z9microWaitj
                0x03802670       0x5c build/src/main.o
                0x03802670                microWait(unsigned int)
 .text._ZN20BasicWheelController8botAngleEv
                0x038026cc       0x10 build/src/main.o
                0x038026cc                BasicWheelController::botAngle()
 .text._Z14executeThreadsv
                0x038026dc       0x64 build/src/main.o
                0x038026dc                executeThreads()
 .text._Z14updateSharePosv
                0x03802740       0x1c build/src/main.o
                0x03802740                updateSharePos()
 *fill*         0x0380275c        0x4 
 .text._ZN9GPS_Share6updateEv
                0x03802760      0x270 build/src/main.o
                0x03802760                GPS_Share::update()
 .text._ZN20BasicWheelController15backwardsFollowE9VectorArr
                0x038029d0       0x4c build/src/main.o
                0x038029d0                BasicWheelController::backwardsFollow(VectorArr)
 .text._ZN9VectorArrC2ESt16initializer_listI7PVectorE
                0x03802a1c       0x94 build/src/main.o
                0x03802a1c                VectorArr::VectorArr(std::initializer_list<PVector>)
 .text._ZN20BasicWheelController7driveToE7PVector
                0x03802ab0       0x58 build/src/main.o
                0x03802ab0                BasicWheelController::driveTo(PVector)
 .text._Z10autonomousv
                0x03802b08      0x11c build/src/main.o
                0x03802b08                autonomous()
 .text._Z13drivercontrolv
                0x03802c24      0x378 build/src/main.o
                0x03802c24                drivercontrol()
 .text._ZN10KillThread7killAllEv
                0x03802f9c       0x38 build/src/main.o
                0x03802f9c                KillThread::killAll()
 .text._ZN11ButtonLatch8pressingEv
                0x03802fd4       0x68 build/src/main.o
                0x03802fd4                ButtonLatch::pressing()
 .text._Z11liftControlv
                0x0380303c      0x2b0 build/src/main.o
                0x0380303c                liftControl()
 .text._ZN15BasicLinkedListIdRdPddE7popBaseEv
                0x038032ec       0x88 build/src/main.o
                0x038032ec                BasicLinkedList<double, double&, double*, double>::popBase()
 .text._Z9printVarsv
                0x03803374      0x738 build/src/main.o
                0x03803374                printVars()
 *fill*         0x03803aac        0x4 
 .text._Z11displayTiltv
                0x03803ab0       0xf8 build/src/main.o
                0x03803ab0                displayTilt()
 .text._Z8drawPathv
                0x03803ba8       0xf8 build/src/main.o
                0x03803ba8                drawPath()
 .text._Z7brainOSv
                0x03803ca0      0x1e0 build/src/main.o
                0x03803ca0                brainOS()
 .text._ZN6Button4drawEPKc
                0x03803e80       0x80 build/src/main.o
                0x03803e80                Button::draw(char const*)
 .text._ZN6Button7clickedEv
                0x03803f00       0xcc build/src/main.o
                0x03803f00                Button::clicked()
 .text.main     0x03803fcc      0x36c build/src/main.o
                0x03803fcc                main
 .text._Z8gyroInitIN3vex8inertialEEvRT_
                0x03804338      0x1b8 build/src/main.o
                0x03804338                void gyroInit<vex::inertial>(vex::inertial&)
 .text._Z8gyroInitIN3vex3gpsEEvRT_
                0x038044f0      0x1b8 build/src/main.o
                0x038044f0                void gyroInit<vex::gps>(vex::gps&)
 .text.__cxx_global_var_init.133
                0x038046a8       0x50 build/src/main.o
 .text.__cxx_global_var_init.134
                0x038046f8       0x38 build/src/main.o
 .text.__cxx_global_var_init.135
                0x03804730       0x38 build/src/main.o
 .text._ZNSt6vectorI7PVectorSaIS0_EE9push_backERKS0_
                0x03804768       0x64 build/src/main.o
                0x03804768                std::vector<PVector, std::allocator<PVector> >::push_back(PVector const&)
 .text._ZNSt6vectorI7PVectorSaIS0_EE19_M_emplace_back_auxIJRKS0_EEEvDpOT_
                0x038047cc       0xd0 build/src/main.o
                0x038047cc                void std::vector<PVector, std::allocator<PVector> >::_M_emplace_back_aux<PVector const&>(PVector const&)
 .text._ZNKSt6vectorI7PVectorSaIS0_EE12_M_check_lenEjPKc
                0x0380489c       0x64 build/src/main.o
                0x0380489c                std::vector<PVector, std::allocator<PVector> >::_M_check_len(unsigned int, char const*) const
 .text._ZNSt12_Vector_baseI7PVectorSaIS0_EE11_M_allocateEj
                0x03804900       0x3c build/src/main.o
                0x03804900                std::_Vector_base<PVector, std::allocator<PVector> >::_M_allocate(unsigned int)
 .text._ZNSt6vectorI7PVectorSaIS0_EEC2ERKS2_
                0x0380493c       0xa4 build/src/main.o
                0x0380493c                std::vector<PVector, std::allocator<PVector> >::vector(std::vector<PVector, std::allocator<PVector> > const&)
 .text._ZN7PVector8rotateXYEd
                0x038049e0       0xf0 build/src/main.o
                0x038049e0                PVector::rotateXY(double)
 .text._ZN15BasicLinkedListIRP20BasicWheelControllerS2_S1_S0_E10destructorEv
                0x03804ad0       0x70 build/src/main.o
                0x03804ad0                BasicLinkedList<BasicWheelController*&, BasicWheelController*&, BasicWheelController*, BasicWheelController>::destructor()
 .text._ZN15BasicLinkedListIRP20BasicWheelControllerS2_S1_S0_E7popBaseEv
                0x03804b40       0x88 build/src/main.o
                0x03804b40                BasicLinkedList<BasicWheelController*&, BasicWheelController*&, BasicWheelController*, BasicWheelController>::popBase()
 .text._ZN11LineCounter3$_08__invokeEv
                0x03804bc8       0xc8 build/src/main.o
 .text._ZN11LineCounter6updateEb
                0x03804c90      0x100 build/src/main.o
                0x03804c90                LineCounter::update(bool)
 .text._ZNSt6vectorIPN3vex6threadESaIS2_EE19_M_emplace_back_auxIJRKS2_EEEvDpOT_
                0x03804d90       0x8c build/src/main.o
                0x03804d90                void std::vector<vex::thread*, std::allocator<vex::thread*> >::_M_emplace_back_aux<vex::thread* const&>(vex::thread* const&)
 .text._ZNKSt6vectorIPN3vex6threadESaIS2_EE12_M_check_lenEjPKc
                0x03804e1c       0x54 build/src/main.o
                0x03804e1c                std::vector<vex::thread*, std::allocator<vex::thread*> >::_M_check_len(unsigned int, char const*) const
 .text._ZNSt12_Vector_baseIPN3vex6threadESaIS2_EE11_M_allocateEj
                0x03804e70       0x30 build/src/main.o
                0x03804e70                std::_Vector_base<vex::thread*, std::allocator<vex::thread*> >::_M_allocate(unsigned int)
 .text._ZNSt6vectorIP11LineCounterSaIS1_EE19_M_emplace_back_auxIJS1_EEEvDpOT_
                0x03804ea0       0x8c build/src/main.o
                0x03804ea0                void std::vector<LineCounter*, std::allocator<LineCounter*> >::_M_emplace_back_aux<LineCounter*>(LineCounter*&&)
 .text._ZNKSt6vectorIP11LineCounterSaIS1_EE12_M_check_lenEjPKc
                0x03804f2c       0x54 build/src/main.o
                0x03804f2c                std::vector<LineCounter*, std::allocator<LineCounter*> >::_M_check_len(unsigned int, char const*) const
 .text._ZNSt12_Vector_baseIP11LineCounterSaIS1_EE11_M_allocateEj
                0x03804f80       0x30 build/src/main.o
                0x03804f80                std::_Vector_base<LineCounter*, std::allocator<LineCounter*> >::_M_allocate(unsigned int)
 .text._ZN10MatrixBaseIdLh3ELh1EEC2ESt16initializer_listIS1_IdEE
                0x03804fb0       0xbc build/src/main.o
                0x03804fb0                MatrixBase<double, (unsigned char)3, (unsigned char)1>::MatrixBase(std::initializer_list<std::initializer_list<double> >)
 .text._ZN10MatrixBaseIdLh3ELh3EEC2ESt16initializer_listIS1_IdEE
                0x0380506c       0xbc build/src/main.o
                0x0380506c                MatrixBase<double, (unsigned char)3, (unsigned char)3>::MatrixBase(std::initializer_list<std::initializer_list<double> >)
 .text._ZN10MatrixBaseIdLh1ELh3EEC2ESt16initializer_listIS1_IdEE
                0x03805128       0xb8 build/src/main.o
                0x03805128                MatrixBase<double, (unsigned char)1, (unsigned char)3>::MatrixBase(std::initializer_list<std::initializer_list<double> >)
 .text._ZNSt8_Rb_treeISt6vectorIiSaIiEESt4pairIKS2_St8functionIFvvEEESt10_Select1stIS8_ESt4lessIS2_ESaIS8_EE8_M_eraseEPSt13_Rb_tree_nodeIS8_E
                0x038051e0       0x6c build/src/main.o
                0x038051e0                std::_Rb_tree<std::vector<int, std::allocator<int> >, std::pair<std::vector<int, std::allocator<int> > const, std::function<void ()> >, std::_Select1st<std::pair<std::vector<int, std::allocator<int> > const, std::function<void ()> > >, std::less<std::vector<int, std::allocator<int> > >, std::allocator<std::pair<std::vector<int, std::allocator<int> > const, std::function<void ()> > > >::_M_erase(std::_Rb_tree_node<std::pair<std::vector<int, std::allocator<int> > const, std::function<void ()> > >*)
 .text._ZN15BasicLinkedListIRP20BasicWheelControllerS2_S1_S0_E4pushES2_
                0x0380524c       0x68 build/src/main.o
                0x0380524c                BasicLinkedList<BasicWheelController*&, BasicWheelController*&, BasicWheelController*, BasicWheelController>::push(BasicWheelController*&)
 .text._ZNSt6vectorIdSaIdEEC2ERKS1_
                0x038052b4       0x78 build/src/main.o
                0x038052b4                std::vector<double, std::allocator<double> >::vector(std::vector<double, std::allocator<double> > const&)
 .text._ZN10PositionerC2ESt6vectorIdSaIdEES2_S2_S2_ddd
                0x0380532c       0x90 build/src/main.o
                0x0380532c                Positioner::Positioner(std::vector<double, std::allocator<double> >, std::vector<double, std::allocator<double> >, std::vector<double, std::allocator<double> >, std::vector<double, std::allocator<double> >, double, double, double)
 .text._ZNSt12_Vector_baseIdSaIdEE11_M_allocateEj
                0x038053bc       0x30 build/src/main.o
                0x038053bc                std::_Vector_base<double, std::allocator<double> >::_M_allocate(unsigned int)
 .text._ZNSt6vectorIdSaIdEEaSERKS1_
                0x038053ec      0x104 build/src/main.o
                0x038053ec                std::vector<double, std::allocator<double> >::operator=(std::vector<double, std::allocator<double> > const&)
 .text._ZNSt6vectorIPN3vex7encoderESaIS2_EE19_M_emplace_back_auxIJS2_EEEvDpOT_
                0x038054f0       0x8c build/src/main.o
                0x038054f0                void std::vector<vex::encoder*, std::allocator<vex::encoder*> >::_M_emplace_back_aux<vex::encoder*>(vex::encoder*&&)
 .text._ZNKSt6vectorIPN3vex7encoderESaIS2_EE12_M_check_lenEjPKc
                0x0380557c       0x54 build/src/main.o
                0x0380557c                std::vector<vex::encoder*, std::allocator<vex::encoder*> >::_M_check_len(unsigned int, char const*) const
 .text._ZNSt12_Vector_baseIPN3vex7encoderESaIS2_EE11_M_allocateEj
                0x038055d0       0x30 build/src/main.o
                0x038055d0                std::_Vector_base<vex::encoder*, std::allocator<vex::encoder*> >::_M_allocate(unsigned int)
 .text._ZN15BasicLinkedListI10FieldCoordRS0_PS0_S0_E10destructorEv
                0x03805600       0x70 build/src/main.o
                0x03805600                BasicLinkedList<FieldCoord, FieldCoord&, FieldCoord*, FieldCoord>::destructor()
 .text._ZN15BasicLinkedListI10FieldCoordRS0_PS0_S0_E7popBaseEv
                0x03805670       0x88 build/src/main.o
                0x03805670                BasicLinkedList<FieldCoord, FieldCoord&, FieldCoord*, FieldCoord>::popBase()
 .text._ZN20BasicWheelControllerC2ESt6vectorI3RefIN3vex5motorEESaIS4_EES6_R9GPS_Share
                0x038056f8      0x470 build/src/main.o
                0x038056f8                BasicWheelController::BasicWheelController(std::vector<Ref<vex::motor>, std::allocator<Ref<vex::motor> > >, std::vector<Ref<vex::motor>, std::allocator<Ref<vex::motor> > >, GPS_Share&)
 .text._ZN20BasicWheelController9hardBrakeEv
                0x03805b68       0x64 build/src/main.o
                0x03805b68                BasicWheelController::hardBrake()
 *fill*         0x03805bcc        0x4 
 .text._ZN20BasicWheelController6turnToESt8functionIFdvEE
                0x03805bd0      0x2c8 build/src/main.o
                0x03805bd0                BasicWheelController::turnTo(std::function<double ()>)
 .text._ZN20BasicWheelController6turnToEd
                0x03805e98       0x7c build/src/main.o
                0x03805e98                BasicWheelController::turnTo(double)
 *fill*         0x03805f14        0x4 
 .text._ZN20BasicWheelController10followPathE9VectorArrb
                0x03805f18     0x11cc build/src/main.o
                0x03805f18                BasicWheelController::followPath(VectorArr, bool)
 .text._ZN20BasicWheelController10followPathE9VectorArr
                0x038070e4       0x4c build/src/main.o
                0x038070e4                BasicWheelController::followPath(VectorArr)
 .text._ZN20BasicWheelController8backIntoE7PVector
                0x03807130       0x58 build/src/main.o
                0x03807130                BasicWheelController::backInto(PVector)
 .text._ZN20BasicWheelController8driveFwdEd
                0x03807188       0x94 build/src/main.o
                0x03807188                BasicWheelController::driveFwd(double)
 .text._ZN20BasicWheelController12stopDriveFwdEv
                0x0380721c       0x14 build/src/main.o
                0x0380721c                BasicWheelController::stopDriveFwd()
 .text._ZN20BasicWheelController8turnLeftEi
                0x03807230       0xc0 build/src/main.o
                0x03807230                BasicWheelController::turnLeft(int)
 .text._ZN20BasicWheelController9turnRightEi
                0x038072f0       0xc0 build/src/main.o
                0x038072f0                BasicWheelController::turnRight(int)
 .text._ZNSt12_Vector_baseI3RefIN3vex5motorEESaIS3_EE11_M_allocateEj
                0x038073b0       0x30 build/src/main.o
                0x038073b0                std::_Vector_base<Ref<vex::motor>, std::allocator<Ref<vex::motor> > >::_M_allocate(unsigned int)
 .text._ZN8NewMotorIN3vex5motorEEC2Ev
                0x038073e0       0x50 build/src/main.o
                0x038073e0                NewMotor<vex::motor>::NewMotor()
 .text._ZN20BasicWheelController13fillInstancesEv
                0x03807430       0x70 build/src/main.o
                0x03807430                BasicWheelController::fillInstances()
 .text._ZN8NewMotorIN3vex5motorEEaSI3RefIS1_EEERS2_RSt6vectorIT_SaIS8_EE
                0x038074a0       0x88 build/src/main.o
                0x038074a0                NewMotor<vex::motor>& NewMotor<vex::motor>::operator=<Ref<vex::motor> >(std::vector<Ref<vex::motor>, std::allocator<Ref<vex::motor> > >&)
 .text._ZNSt17_Function_handlerIFvvEN20BasicWheelController9afterTurnMUlvE_EE9_M_invokeERKSt9_Any_data
                0x03807528        0x4 build/src/main.o
                0x03807528                std::_Function_handler<void (), BasicWheelController::afterTurn::{lambda()#1}>::_M_invoke(std::_Any_data const&)
 .text._ZNSt14_Function_base13_Base_managerIN20BasicWheelController9afterTurnMUlvE_EE10_M_managerERSt9_Any_dataRKS4_St18_Manager_operation
                0x0380752c       0x54 build/src/main.o
                0x0380752c                std::_Function_base::_Base_manager<BasicWheelController::afterTurn::{lambda()#1}>::_M_manager(std::_Any_data&, BasicWheelController::afterTurn::{lambda()#1} const&, std::_Manager_operation)
 .text._ZNSt6vectorIPN3vex5motorESaIS2_EE14_M_move_assignEOS4_St17integral_constantIbLb1EE
                0x03807580       0x5c build/src/main.o
                0x03807580                std::vector<vex::motor*, std::allocator<vex::motor*> >::_M_move_assign(std::vector<vex::motor*, std::allocator<vex::motor*> >&&, std::integral_constant<bool, true>)
 .text._ZNSt6vectorIPN3vex5motorESaIS2_EE19_M_emplace_back_auxIJS2_EEEvDpOT_
                0x038075dc       0x8c build/src/main.o
                0x038075dc                void std::vector<vex::motor*, std::allocator<vex::motor*> >::_M_emplace_back_aux<vex::motor*>(vex::motor*&&)
 .text._ZNKSt6vectorIPN3vex5motorESaIS2_EE12_M_check_lenEjPKc
                0x03807668       0x54 build/src/main.o
                0x03807668                std::vector<vex::motor*, std::allocator<vex::motor*> >::_M_check_len(unsigned int, char const*) const
 .text._ZNSt12_Vector_baseIPN3vex5motorESaIS2_EE11_M_allocateEj
                0x038076bc       0x30 build/src/main.o
                0x038076bc                std::_Vector_base<vex::motor*, std::allocator<vex::motor*> >::_M_allocate(unsigned int)
 .text._ZNSt17_Function_handlerIFdvEZN20BasicWheelController6turnToEdEUlvE_E9_M_invokeERKSt9_Any_data
                0x038076ec       0x10 build/src/main.o
                0x038076ec                std::_Function_handler<double (), BasicWheelController::turnTo(double)::{lambda()#1}>::_M_invoke(std::_Any_data const&)
 .text._ZNSt14_Function_base13_Base_managerIZN20BasicWheelController6turnToEdEUlvE_E10_M_managerERSt9_Any_dataRKS4_St18_Manager_operation
                0x038076fc       0x64 build/src/main.o
                0x038076fc                std::_Function_base::_Base_manager<BasicWheelController::turnTo(double)::{lambda()#1}>::_M_manager(std::_Any_data&, std::_Function_base::_Base_manager<BasicWheelController::turnTo(double)::{lambda()#1}> const&, std::_Manager_operation)
 .text._ZN20BasicWheelController21PurePursuitControllerC2E9VectorArrPS_Rd
                0x03807760       0x74 build/src/main.o
                0x03807760                BasicWheelController::PurePursuitController::PurePursuitController(VectorArr, BasicWheelController*, double&)
 .text._ZNSt8functionIFvvEEaSIZN20BasicWheelController10followPathE9VectorArrbEUlvE0_EENSt9enable_ifIXsrSt6__and_IJSt6__not_ISt7is_sameINSt5decayIT_E4typeES1_EESt5__or_IJSt7is_voidIvESt14is_convertibleIDTclcl18__callable_functorclsr3stdE7declvalIRSD_EEEEEvEEEEE5valueERS1_E4typeEOSB_
                0x038077d4       0x78 build/src/main.o
                0x038077d4                _ZNSt8functionIFvvEEaSIZN20BasicWheelController10followPathE9VectorArrbEUlvE0_EENSt9enable_ifIXsrSt6__and_IJSt6__not_ISt7is_sameINSt5decayIT_E4typeES1_EESt5__or_IJSt7is_voidIvESt14is_convertibleIDTclcl18__callable_functorclsr3stdE7declvalIRSD_EEEEEvEEEEE5valueERS1_E4typeEOSB_
 *fill*         0x0380784c        0x4 
 .text._ZN20BasicWheelController21PurePursuitController11recalibrateEv
                0x03807850      0x3f8 build/src/main.o
                0x03807850                BasicWheelController::PurePursuitController::recalibrate()
 .text._ZN20BasicWheelController10useDistFnsEd
                0x03807c48       0x7c build/src/main.o
                0x03807c48                BasicWheelController::useDistFns(double)
 .text._ZZN20BasicWheelController10followPathE9VectorArrbENUt_3addEddd7PVectordddddS2_
                0x03807cc4      0x19c build/src/main.o
                0x03807cc4                BasicWheelController::followPath(VectorArr, bool)::{unnamed type#1}::add(double, double, double, PVector, double, double, double, double, double, {unnamed type#1})
 .text._ZZN20BasicWheelController10followPathE9VectorArrbENUt_D2Ev
                0x03807e60       0xb4 build/src/main.o
                0x03807e60                BasicWheelController::followPath(VectorArr, bool)::{unnamed type#1}::~VectorArr()
 .text._ZNSt6vectorI7PVectorSaIS0_EEaSERKS2_
                0x03807f14      0x170 build/src/main.o
                0x03807f14                std::vector<PVector, std::allocator<PVector> >::operator=(std::vector<PVector, std::allocator<PVector> > const&)
 .text._ZNSt6vectorI7PVectorSaIS0_EE20_M_allocate_and_copyIN9__gnu_cxx17__normal_iteratorIPKS0_S2_EEEEPS0_jT_SA_
                0x03808084       0x68 build/src/main.o
                0x03808084                PVector* std::vector<PVector, std::allocator<PVector> >::_M_allocate_and_copy<__gnu_cxx::__normal_iterator<PVector const*, std::vector<PVector, std::allocator<PVector> > > >(unsigned int, __gnu_cxx::__normal_iterator<PVector const*, std::vector<PVector, std::allocator<PVector> > >, __gnu_cxx::__normal_iterator<PVector const*, std::vector<PVector, std::allocator<PVector> > >)
 *fill*         0x038080ec        0x4 
 .text._ZNSt17_Function_handlerIFdvEZN20BasicWheelController10followPathE9VectorArrbEUlvE_E9_M_invokeERKSt9_Any_data
                0x038080f0       0x88 build/src/main.o
                0x038080f0                std::_Function_handler<double (), BasicWheelController::followPath(VectorArr, bool)::{lambda()#1}>::_M_invoke(std::_Any_data const&)
 .text._ZNSt14_Function_base13_Base_managerIZN20BasicWheelController10followPathE9VectorArrbEUlvE_E10_M_managerERSt9_Any_dataRKS5_St18_Manager_operation
                0x03808178       0x6c build/src/main.o
                0x03808178                std::_Function_base::_Base_manager<BasicWheelController::followPath(VectorArr, bool)::{lambda()#1}>::_M_manager(std::_Any_data&, std::_Function_base::_Base_manager<BasicWheelController::followPath(VectorArr, bool)::{lambda()#1}> const&, std::_Manager_operation)
 .text._ZNSt17_Function_handlerIFvvEZN20BasicWheelController10followPathE9VectorArrbEUlvE0_E9_M_invokeERKSt9_Any_data
                0x038081e4        0x4 build/src/main.o
                0x038081e4                std::_Function_handler<void (), BasicWheelController::followPath(VectorArr, bool)::{lambda()#2}>::_M_invoke(std::_Any_data const&)
 .text._ZNSt14_Function_base13_Base_managerIZN20BasicWheelController10followPathE9VectorArrbEUlvE0_E10_M_managerERSt9_Any_dataRKS5_St18_Manager_operation
                0x038081e8       0x54 build/src/main.o
                0x038081e8                std::_Function_base::_Base_manager<BasicWheelController::followPath(VectorArr, bool)::{lambda()#2}>::_M_manager(std::_Any_data&, std::_Function_base::_Base_manager<BasicWheelController::followPath(VectorArr, bool)::{lambda()#2}> const&, std::_Manager_operation)
 .text._ZNSt6vectorI7PVectorSaIS0_EE6insertEN9__gnu_cxx17__normal_iteratorIPKS0_S2_EERS5_
                0x0380823c       0xc8 build/src/main.o
                0x0380823c                std::vector<PVector, std::allocator<PVector> >::insert(__gnu_cxx::__normal_iterator<PVector const*, std::vector<PVector, std::allocator<PVector> > >, PVector const&)
 .text._ZNSt6vectorI7PVectorSaIS0_EE13_M_insert_auxIJS0_EEEvN9__gnu_cxx17__normal_iteratorIPS0_S2_EEDpOT_
                0x03808304      0x15c build/src/main.o
                0x03808304                void std::vector<PVector, std::allocator<PVector> >::_M_insert_aux<PVector>(__gnu_cxx::__normal_iterator<PVector*, std::vector<PVector, std::allocator<PVector> > >, PVector&&)
 .text._ZNSt6vectorI7PVectorSaIS0_EE13_M_insert_auxIJRKS0_EEEvN9__gnu_cxx17__normal_iteratorIPS0_S2_EEDpOT_
                0x03808460      0x180 build/src/main.o
                0x03808460                void std::vector<PVector, std::allocator<PVector> >::_M_insert_aux<PVector const&>(__gnu_cxx::__normal_iterator<PVector*, std::vector<PVector, std::allocator<PVector> > >, PVector const&)
 .text._ZNSt6vectorIdSaIdEE14_M_move_assignEOS1_St17integral_constantIbLb1EE
                0x038085e0       0x5c build/src/main.o
                0x038085e0                std::vector<double, std::allocator<double> >::_M_move_assign(std::vector<double, std::allocator<double> >&&, std::integral_constant<bool, true>)
 .text._ZNSt6vectorIdSaIdEE19_M_emplace_back_auxIJRKdEEEvDpOT_
                0x0380863c       0x80 build/src/main.o
                0x0380863c                void std::vector<double, std::allocator<double> >::_M_emplace_back_aux<double const&>(double const&)
 .text._ZNKSt6vectorIdSaIdEE12_M_check_lenEjPKc
                0x038086bc       0x54 build/src/main.o
                0x038086bc                std::vector<double, std::allocator<double> >::_M_check_len(unsigned int, char const*) const
 .text._ZNSt8_Rb_treeIdSt4pairIKdSt8functionIFvvEEESt10_Select1stIS5_ESt4lessIdESaIS5_EEaSERKSB_
                0x03808710       0x90 build/src/main.o
                0x03808710                std::_Rb_tree<double, std::pair<double const, std::function<void ()> >, std::_Select1st<std::pair<double const, std::function<void ()> > >, std::less<double>, std::allocator<std::pair<double const, std::function<void ()> > > >::operator=(std::_Rb_tree<double, std::pair<double const, std::function<void ()> >, std::_Select1st<std::pair<double const, std::function<void ()> > >, std::less<double>, std::allocator<std::pair<double const, std::function<void ()> > > > const&)
 .text._ZNSt8_Rb_treeIdSt4pairIKdSt8functionIFvvEEESt10_Select1stIS5_ESt4lessIdESaIS5_EE7_M_copyEPKSt13_Rb_tree_nodeIS5_EPSD_
                0x038087a0       0xc4 build/src/main.o
                0x038087a0                std::_Rb_tree<double, std::pair<double const, std::function<void ()> >, std::_Select1st<std::pair<double const, std::function<void ()> > >, std::less<double>, std::allocator<std::pair<double const, std::function<void ()> > > >::_M_copy(std::_Rb_tree_node<std::pair<double const, std::function<void ()> > > const*, std::_Rb_tree_node<std::pair<double const, std::function<void ()> > >*)
 .text._ZNSt8_Rb_treeIdSt4pairIKdSt8functionIFvvEEESt10_Select1stIS5_ESt4lessIdESaIS5_EE8_M_eraseEPSt13_Rb_tree_nodeIS5_E
                0x03808864       0x5c build/src/main.o
                0x03808864                std::_Rb_tree<double, std::pair<double const, std::function<void ()> >, std::_Select1st<std::pair<double const, std::function<void ()> > >, std::less<double>, std::allocator<std::pair<double const, std::function<void ()> > > >::_M_erase(std::_Rb_tree_node<std::pair<double const, std::function<void ()> > >*)
 .text._ZNSt8_Rb_treeIdSt4pairIKdSt8functionIFvvEEESt10_Select1stIS5_ESt4lessIdESaIS5_EE14_M_create_nodeIJRKS5_EEEPSt13_Rb_tree_nodeIS5_EDpOT_
                0x038088c0       0x5c build/src/main.o
                0x038088c0                std::_Rb_tree_node<std::pair<double const, std::function<void ()> > >* std::_Rb_tree<double, std::pair<double const, std::function<void ()> >, std::_Select1st<std::pair<double const, std::function<void ()> > >, std::less<double>, std::allocator<std::pair<double const, std::function<void ()> > > >::_M_create_node<std::pair<double const, std::function<void ()> > const&>(std::pair<double const, std::function<void ()> > const&)
 .text._ZNSt8_Rb_treeIdSt4pairIKdSt8functionIFvvEEESt10_Select1stIS5_ESt4lessIdESaIS5_EE12_M_erase_auxESt23_Rb_tree_const_iteratorIS5_E
                0x0380891c       0x54 build/src/main.o
                0x0380891c                std::_Rb_tree<double, std::pair<double const, std::function<void ()> >, std::_Select1st<std::pair<double const, std::function<void ()> > >, std::less<double>, std::allocator<std::pair<double const, std::function<void ()> > > >::_M_erase_aux(std::_Rb_tree_const_iterator<std::pair<double const, std::function<void ()> > >)
 .text._ZN15BasicLinkedListI8PidAdderRS0_PS0_S0_E10destructorEv
                0x03808970       0x70 build/src/main.o
                0x03808970                BasicLinkedList<PidAdder, PidAdder&, PidAdder*, PidAdder>::destructor()
 .text._ZN15BasicLinkedListI8PidAdderRS0_PS0_S0_E7popBaseEv
                0x038089e0       0x88 build/src/main.o
                0x038089e0                BasicLinkedList<PidAdder, PidAdder&, PidAdder*, PidAdder>::popBase()
 .text._ZNSt10_List_baseISt8functionIFvvEESaIS2_EE8_M_clearEv
                0x03808a68       0x50 build/src/main.o
                0x03808a68                std::_List_base<std::function<void ()>, std::allocator<std::function<void ()> > >::_M_clear()
 .text._ZN3PID7incValsEd
                0x03808ab8       0xb4 build/src/main.o
                0x03808ab8                PID::incVals(double)
 .text._ZN7PVectoraSESt16initializer_listIdE
                0x03808b6c       0xb4 build/src/main.o
                0x03808b6c                PVector::operator=(std::initializer_list<double>)
 .text._ZN15BasicLinkedListI10FieldCoordRS0_PS0_S0_E4pushES1_
                0x03808c20       0x78 build/src/main.o
                0x03808c20                BasicLinkedList<FieldCoord, FieldCoord&, FieldCoord*, FieldCoord>::push(FieldCoord&)
 .text._ZN6Button9drawClickEPKc
                0x03808c98       0x80 build/src/main.o
                0x03808c98                Button::drawClick(char const*)
 .text._ZNSt6vectorIdSaIdEE19_M_emplace_back_auxIJdEEEvDpOT_
                0x03808d18       0x80 build/src/main.o
                0x03808d18                void std::vector<double, std::allocator<double> >::_M_emplace_back_aux<double>(double&&)
 .text._ZN3vex6vision7_setsigINS0_9signatureEJS2_S2_S2_S2_EEEvRT_DpRT0_
                0x03808d98       0x4c build/src/main.o
                0x03808d98                void vex::vision::_setsig<vex::vision::signature, vex::vision::signature, vex::vision::signature, vex::vision::signature, vex::vision::signature>(vex::vision::signature&, vex::vision::signature&, vex::vision::signature&, vex::vision::signature&, vex::vision::signature&)
 .text._ZNSt6vectorIPN3vex5motorESaIS2_EE13_M_assign_auxIPKS2_EEvT_S8_St20forward_iterator_tag
                0x03808de4       0xf8 build/src/main.o
                0x03808de4                void std::vector<vex::motor*, std::allocator<vex::motor*> >::_M_assign_aux<vex::motor* const*>(vex::motor* const*, vex::motor* const*, std::forward_iterator_tag)
 .text._ZN7PotDial13addControllerISt8functionIFvvEEEERS_RNS_10ControllerIT_EE
                0x03808edc       0x7c build/src/main.o
                0x03808edc                PotDial& PotDial::addController<std::function<void ()> >(PotDial::Controller<std::function<void ()> >&)
 .text._ZNSt12_Vector_baseI3RefI7PotDialESaIS2_EE11_M_allocateEj
                0x03808f58       0x30 build/src/main.o
                0x03808f58                std::_Vector_base<Ref<PotDial>, std::allocator<Ref<PotDial> > >::_M_allocate(unsigned int)
 .text._ZNSt6vectorIiSaIiEE19_M_emplace_back_auxIJRKiEEEvDpOT_
                0x03808f88       0x80 build/src/main.o
                0x03808f88                void std::vector<int, std::allocator<int> >::_M_emplace_back_aux<int const&>(int const&)
 .text._ZNKSt6vectorIiSaIiEE12_M_check_lenEjPKc
                0x03809008       0x54 build/src/main.o
                0x03809008                std::vector<int, std::allocator<int> >::_M_check_len(unsigned int, char const*) const
 .text._ZNSt12_Vector_baseIiSaIiEE11_M_allocateEj
                0x0380905c       0x30 build/src/main.o
                0x0380905c                std::_Vector_base<int, std::allocator<int> >::_M_allocate(unsigned int)
 .text._ZNSt6vectorIP7PotDialSaIS1_EE19_M_emplace_back_auxIJS1_EEEvDpOT_
                0x0380908c       0x8c build/src/main.o
                0x0380908c                void std::vector<PotDial*, std::allocator<PotDial*> >::_M_emplace_back_aux<PotDial*>(PotDial*&&)
 .text._ZNKSt6vectorIP7PotDialSaIS1_EE12_M_check_lenEjPKc
                0x03809118       0x54 build/src/main.o
                0x03809118                std::vector<PotDial*, std::allocator<PotDial*> >::_M_check_len(unsigned int, char const*) const
 .text._ZNSt12_Vector_baseIP7PotDialSaIS1_EE11_M_allocateEj
                0x0380916c       0x30 build/src/main.o
                0x0380916c                std::_Vector_base<PotDial*, std::allocator<PotDial*> >::_M_allocate(unsigned int)
 .text._ZNSt12_Vector_baseI3RefIN3vex7triport4portEESaIS4_EE11_M_allocateEj
                0x0380919c       0x30 build/src/main.o
                0x0380919c                std::_Vector_base<Ref<vex::triport::port>, std::allocator<Ref<vex::triport::port> > >::_M_allocate(unsigned int)
 .text._ZNSt4listISt8functionIFvvEESaIS2_EE8_M_eraseESt14_List_iteratorIS2_E
                0x038091cc       0x3c build/src/main.o
                0x038091cc                std::list<std::function<void ()>, std::allocator<std::function<void ()> > >::_M_erase(std::_List_iterator<std::function<void ()> >)
 .text._ZN10VisionOdom11estimatePosERN3vex6vision6objectE
                0x03809208      0x358 build/src/main.o
                0x03809208                VisionOdom::estimatePos(vex::vision::object&)
 .text._GLOBAL__sub_I_main.cpp
                0x03809560     0x13b8 build/src/main.o
 .text.vexMain  0x0380a918       0xb0 C:\Program Files (x86)\VEX Robotics\VEXcode Pro V5\sdk/vexv5\libv5rt.a(v5_startup.c.obj)
                0x0380a918                vexMain
 .text.__vex_function_prolog
                0x0380a9c8       0x18 C:\Program Files (x86)\VEX Robotics\VEXcode Pro V5\sdk/vexv5\libv5rt.a(v5_startup.c.obj)
                0x0380a9c8                __vex_function_prolog
 .text._init    0x0380a9e0        0x4 C:\Program Files (x86)\VEX Robotics\VEXcode Pro V5\sdk/vexv5\libv5rt.a(v5_startup.c.obj)
                0x0380a9e0                _init
 .text._fini    0x0380a9e4        0x4 C:\Program Files (x86)\VEX Robotics\VEXcode Pro V5\sdk/vexv5\libv5rt.a(v5_startup.c.obj)
                0x0380a9e4                _fini
 .text.vexStdlibVersionLinked
                0x0380a9e8        0xc C:\Program Files (x86)\VEX Robotics\VEXcode Pro V5\sdk/vexv5\libv5rt.a(v5_util.c.obj)
                0x0380a9e8                vexStdlibVersionLinked
 .text.vexStdlibVersionVerify
                0x0380a9f4       0x30 C:\Program Files (x86)\VEX Robotics\VEXcode Pro V5\sdk/vexv5\libv5rt.a(v5_util.c.obj)
                0x0380a9f4                vexStdlibVersionVerify
 .text.vexPrivateApiEnable
                0x0380aa24       0x10 C:\Program Files (x86)\VEX Robotics\VEXcode Pro V5\sdk/vexv5\libv5rt.a(v5_apijump.c.obj)
                0x0380aa24                vexPrivateApiEnable
 .text.vexStdlibMismatchError
                0x0380aa34       0x3c C:\Program Files (x86)\VEX Robotics\VEXcode Pro V5\sdk/vexv5\libv5rt.a(v5_apijump.c.obj)
                0x0380aa34                vexStdlibMismatchError
 .text.vexTaskAdd
                0x0380aa70       0x10 C:\Program Files (x86)\VEX Robotics\VEXcode Pro V5\sdk/vexv5\libv5rt.a(v5_apijump.c.obj)
                0x0380aa70                vexTaskAdd
 .text.vexTasksRun
                0x0380aa80       0x10 C:\Program Files (x86)\VEX Robotics\VEXcode Pro V5\sdk/vexv5\libv5rt.a(v5_apijump.c.obj)
                0x0380aa80                vexTasksRun
 .text.vexTaskYield
                0x0380aa90       0x10 C:\Program Files (x86)\VEX Robotics\VEXcode Pro V5\sdk/vexv5\libv5rt.a(v5_apijump.c.obj)
                0x0380aa90                vexTaskYield
 .text.vexTaskCheckTimeslice
                0x0380aaa0       0x10 C:\Program Files (x86)\VEX Robotics\VEXcode Pro V5\sdk/vexv5\libv5rt.a(v5_apijump.c.obj)
                0x0380aaa0                vexTaskCheckTimeslice
 .text.vexTaskSleep
                0x0380aab0       0x10 C:\Program Files (x86)\VEX Robotics\VEXcode Pro V5\sdk/vexv5\libv5rt.a(v5_apijump.c.obj)
                0x0380aab0                vexTaskSleep
 .text.vexTasksDump
                0x0380aac0       0x1c C:\Program Files (x86)\VEX Robotics\VEXcode Pro V5\sdk/vexv5\libv5rt.a(v5_apijump.c.obj)
                0x0380aac0                vexTasksDump
 .text.vexTaskGetTaskIndex
                0x0380aadc       0x10 C:\Program Files (x86)\VEX Robotics\VEXcode Pro V5\sdk/vexv5\libv5rt.a(v5_apijump.c.obj)
                0x0380aadc                vexTaskGetTaskIndex
 .text.vexTaskStopAll
                0x0380aaec       0x10 C:\Program Files (x86)\VEX Robotics\VEXcode Pro V5\sdk/vexv5\libv5rt.a(v5_apijump.c.obj)
                0x0380aaec                vexTaskStopAll
 .text.vexTaskRemoveAllUser
                0x0380aafc       0x34 C:\Program Files (x86)\VEX Robotics\VEXcode Pro V5\sdk/vexv5\libv5rt.a(v5_apijump.c.obj)
                0x0380aafc                vexTaskRemoveAllUser
 .text.vexTaskCompletionIdSet
                0x0380ab30       0x10 C:\Program Files (x86)\VEX Robotics\VEXcode Pro V5\sdk/vexv5\libv5rt.a(v5_apijump.c.obj)
                0x0380ab30                vexTaskCompletionIdSet
 .text.vexTaskStopWithId
                0x0380ab40       0x10 C:\Program Files (x86)\VEX Robotics\VEXcode Pro V5\sdk/vexv5\libv5rt.a(v5_apijump.c.obj)
                0x0380ab40                vexTaskStopWithId
 .text.vexCriticalSection
                0x0380ab50       0x2c C:\Program Files (x86)\VEX Robotics\VEXcode Pro V5\sdk/vexv5\libv5rt.a(v5_apijump.c.obj)
                0x0380ab50                vexCriticalSection
 .text.vexEventAdd
                0x0380ab7c       0x34 C:\Program Files (x86)\VEX Robotics\VEXcode Pro V5\sdk/vexv5\libv5rt.a(v5_apijump.c.obj)
                0x0380ab7c                vexEventAdd
 .text.vexEventUserIndexGet
                0x0380abb0       0x1c C:\Program Files (x86)\VEX Robotics\VEXcode Pro V5\sdk/vexv5\libv5rt.a(v5_apijump.c.obj)
                0x0380abb0                vexEventUserIndexGet
 .text.vexEventAddWithArg
                0x0380abcc       0x3c C:\Program Files (x86)\VEX Robotics\VEXcode Pro V5\sdk/vexv5\libv5rt.a(v5_apijump.c.obj)
                0x0380abcc                vexEventAddWithArg
 .text.vexEventsCleanup
                0x0380ac08       0x2c C:\Program Files (x86)\VEX Robotics\VEXcode Pro V5\sdk/vexv5\libv5rt.a(v5_apijump.c.obj)
                0x0380ac08                vexEventsCleanup
 .text.vexDebug
                0x0380ac34       0x38 C:\Program Files (x86)\VEX Robotics\VEXcode Pro V5\sdk/vexv5\libv5rt.a(v5_apijump.c.obj)
                0x0380ac34                vexDebug
 .text.vex_sprintf
                0x0380ac6c       0x40 C:\Program Files (x86)\VEX Robotics\VEXcode Pro V5\sdk/vexv5\libv5rt.a(v5_apijump.c.obj)
                0x0380ac6c                vex_sprintf
 .text.vexSystemTimeGet
                0x0380acac       0x1c C:\Program Files (x86)\VEX Robotics\VEXcode Pro V5\sdk/vexv5\libv5rt.a(v5_apijump.c.obj)
                0x0380acac                vexSystemTimeGet
 .text.vexSystemExitRequest
                0x0380acc8       0x1c C:\Program Files (x86)\VEX Robotics\VEXcode Pro V5\sdk/vexv5\libv5rt.a(v5_apijump.c.obj)
                0x0380acc8                vexSystemExitRequest
 .text.vexSystemHighResTimeGet
                0x0380ace4       0x38 C:\Program Files (x86)\VEX Robotics\VEXcode Pro V5\sdk/vexv5\libv5rt.a(v5_apijump.c.obj)
                0x0380ace4                vexSystemHighResTimeGet
 .text.vexDeviceGetByIndex
                0x0380ad1c       0x24 C:\Program Files (x86)\VEX Robotics\VEXcode Pro V5\sdk/vexv5\libv5rt.a(v5_apijump.c.obj)
                0x0380ad1c                vexDeviceGetByIndex
 .text.vexControllerGet
                0x0380ad40       0x2c C:\Program Files (x86)\VEX Robotics\VEXcode Pro V5\sdk/vexv5\libv5rt.a(v5_apijump.c.obj)
                0x0380ad40                vexControllerGet
 .text.vexDeviceAdiPortConfigSet
                0x0380ad6c       0x34 C:\Program Files (x86)\VEX Robotics\VEXcode Pro V5\sdk/vexv5\libv5rt.a(v5_apijump.c.obj)
                0x0380ad6c                vexDeviceAdiPortConfigSet
 .text.vexDeviceAdiPortConfigGet
                0x0380ada0       0x2c C:\Program Files (x86)\VEX Robotics\VEXcode Pro V5\sdk/vexv5\libv5rt.a(v5_apijump.c.obj)
                0x0380ada0                vexDeviceAdiPortConfigGet
 .text.vexDeviceAdiValueSet
                0x0380adcc       0x34 C:\Program Files (x86)\VEX Robotics\VEXcode Pro V5\sdk/vexv5\libv5rt.a(v5_apijump.c.obj)
                0x0380adcc                vexDeviceAdiValueSet
 .text.vexDeviceAdiValueGet
                0x0380ae00       0x2c C:\Program Files (x86)\VEX Robotics\VEXcode Pro V5\sdk/vexv5\libv5rt.a(v5_apijump.c.obj)
                0x0380ae00                vexDeviceAdiValueGet
 .text.vexDeviceMotorVelocitySet
                0x0380ae2c       0x2c C:\Program Files (x86)\VEX Robotics\VEXcode Pro V5\sdk/vexv5\libv5rt.a(v5_apijump.c.obj)
                0x0380ae2c                vexDeviceMotorVelocitySet
 .text.vexDeviceMotorVoltageSet
                0x0380ae58       0x2c C:\Program Files (x86)\VEX Robotics\VEXcode Pro V5\sdk/vexv5\libv5rt.a(v5_apijump.c.obj)
                0x0380ae58                vexDeviceMotorVoltageSet
 .text.vexDeviceMotorActualVelocityGet
                0x0380ae84       0x24 C:\Program Files (x86)\VEX Robotics\VEXcode Pro V5\sdk/vexv5\libv5rt.a(v5_apijump.c.obj)
                0x0380ae84                vexDeviceMotorActualVelocityGet
 .text.vexDeviceMotorReverseFlagSet
                0x0380aea8       0x2c C:\Program Files (x86)\VEX Robotics\VEXcode Pro V5\sdk/vexv5\libv5rt.a(v5_apijump.c.obj)
                0x0380aea8                vexDeviceMotorReverseFlagSet
 .text.vexDeviceMotorEncoderUnitsSet
                0x0380aed4       0x2c C:\Program Files (x86)\VEX Robotics\VEXcode Pro V5\sdk/vexv5\libv5rt.a(v5_apijump.c.obj)
                0x0380aed4                vexDeviceMotorEncoderUnitsSet
 .text.vexDeviceMotorBrakeModeSet
                0x0380af00       0x2c C:\Program Files (x86)\VEX Robotics\VEXcode Pro V5\sdk/vexv5\libv5rt.a(v5_apijump.c.obj)
                0x0380af00                vexDeviceMotorBrakeModeSet
 .text.vexDeviceMotorPositionSet
                0x0380af2c       0x34 C:\Program Files (x86)\VEX Robotics\VEXcode Pro V5\sdk/vexv5\libv5rt.a(v5_apijump.c.obj)
                0x0380af2c                vexDeviceMotorPositionSet
 .text.vexDeviceMotorPositionGet
                0x0380af60       0x24 C:\Program Files (x86)\VEX Robotics\VEXcode Pro V5\sdk/vexv5\libv5rt.a(v5_apijump.c.obj)
                0x0380af60                vexDeviceMotorPositionGet
 .text.vexDeviceMotorGearingSet
                0x0380af84       0x2c C:\Program Files (x86)\VEX Robotics\VEXcode Pro V5\sdk/vexv5\libv5rt.a(v5_apijump.c.obj)
                0x0380af84                vexDeviceMotorGearingSet
 .text.vexDeviceMotorGearingGet
                0x0380afb0       0x24 C:\Program Files (x86)\VEX Robotics\VEXcode Pro V5\sdk/vexv5\libv5rt.a(v5_apijump.c.obj)
                0x0380afb0                vexDeviceMotorGearingGet
 .text.vexDeviceVisionModeSet
                0x0380afd4       0x2c C:\Program Files (x86)\VEX Robotics\VEXcode Pro V5\sdk/vexv5\libv5rt.a(v5_apijump.c.obj)
                0x0380afd4                vexDeviceVisionModeSet
 .text.vexDeviceVisionObjectCountGet
                0x0380b000       0x24 C:\Program Files (x86)\VEX Robotics\VEXcode Pro V5\sdk/vexv5\libv5rt.a(v5_apijump.c.obj)
                0x0380b000                vexDeviceVisionObjectCountGet
 .text.vexDeviceVisionObjectGet
                0x0380b024       0x34 C:\Program Files (x86)\VEX Robotics\VEXcode Pro V5\sdk/vexv5\libv5rt.a(v5_apijump.c.obj)
                0x0380b024                vexDeviceVisionObjectGet
 .text.vexDeviceVisionSignatureSet
                0x0380b058       0x2c C:\Program Files (x86)\VEX Robotics\VEXcode Pro V5\sdk/vexv5\libv5rt.a(v5_apijump.c.obj)
                0x0380b058                vexDeviceVisionSignatureSet
 .text.vexDeviceVisionBrightnessSet
                0x0380b084       0x2c C:\Program Files (x86)\VEX Robotics\VEXcode Pro V5\sdk/vexv5\libv5rt.a(v5_apijump.c.obj)
                0x0380b084                vexDeviceVisionBrightnessSet
 .text.vexDeviceVisionLedModeSet
                0x0380b0b0       0x2c C:\Program Files (x86)\VEX Robotics\VEXcode Pro V5\sdk/vexv5\libv5rt.a(v5_apijump.c.obj)
                0x0380b0b0                vexDeviceVisionLedModeSet
 .text.vexDeviceVisionLedColorSet
                0x0380b0dc       0x30 C:\Program Files (x86)\VEX Robotics\VEXcode Pro V5\sdk/vexv5\libv5rt.a(v5_apijump.c.obj)
                0x0380b0dc                vexDeviceVisionLedColorSet
 .text.vexDeviceImuReset
                0x0380b10c       0x24 C:\Program Files (x86)\VEX Robotics\VEXcode Pro V5\sdk/vexv5\libv5rt.a(v5_apijump.c.obj)
                0x0380b10c                vexDeviceImuReset
 .text.vexDeviceImuHeadingGet
                0x0380b130       0x24 C:\Program Files (x86)\VEX Robotics\VEXcode Pro V5\sdk/vexv5\libv5rt.a(v5_apijump.c.obj)
                0x0380b130                vexDeviceImuHeadingGet
 .text.vexDeviceImuDegreesGet
                0x0380b154       0x24 C:\Program Files (x86)\VEX Robotics\VEXcode Pro V5\sdk/vexv5\libv5rt.a(v5_apijump.c.obj)
                0x0380b154                vexDeviceImuDegreesGet
 .text.vexDeviceImuAttitudeGet
                0x0380b178       0x2c C:\Program Files (x86)\VEX Robotics\VEXcode Pro V5\sdk/vexv5\libv5rt.a(v5_apijump.c.obj)
                0x0380b178                vexDeviceImuAttitudeGet
 .text.vexDeviceImuStatusGet
                0x0380b1a4       0x24 C:\Program Files (x86)\VEX Robotics\VEXcode Pro V5\sdk/vexv5\libv5rt.a(v5_apijump.c.obj)
                0x0380b1a4                vexDeviceImuStatusGet
 .text.vexDeviceDistanceDistanceGet
                0x0380b1c8       0x24 C:\Program Files (x86)\VEX Robotics\VEXcode Pro V5\sdk/vexv5\libv5rt.a(v5_apijump.c.obj)
                0x0380b1c8                vexDeviceDistanceDistanceGet
 .text.vexDeviceGpsReset
                0x0380b1ec       0x38 C:\Program Files (x86)\VEX Robotics\VEXcode Pro V5\sdk/vexv5\libv5rt.a(v5_apijump.c.obj)
                0x0380b1ec                vexDeviceGpsReset
 .text.vexDeviceGpsHeadingGet
                0x0380b224       0x44 C:\Program Files (x86)\VEX Robotics\VEXcode Pro V5\sdk/vexv5\libv5rt.a(v5_apijump.c.obj)
                0x0380b224                vexDeviceGpsHeadingGet
 .text.vexDeviceGpsDegreesGet
                0x0380b268       0x44 C:\Program Files (x86)\VEX Robotics\VEXcode Pro V5\sdk/vexv5\libv5rt.a(v5_apijump.c.obj)
                0x0380b268                vexDeviceGpsDegreesGet
 .text.vexDeviceGpsAttitudeGet
                0x0380b2ac      0x198 C:\Program Files (x86)\VEX Robotics\VEXcode Pro V5\sdk/vexv5\libv5rt.a(v5_apijump.c.obj)
                0x0380b2ac                vexDeviceGpsAttitudeGet
 .text.vexDeviceGpsStatusGet
                0x0380b444       0x40 C:\Program Files (x86)\VEX Robotics\VEXcode Pro V5\sdk/vexv5\libv5rt.a(v5_apijump.c.obj)
                0x0380b444                vexDeviceGpsStatusGet
 .text.vexDeviceGpsModeSet
                0x0380b484       0x40 C:\Program Files (x86)\VEX Robotics\VEXcode Pro V5\sdk/vexv5\libv5rt.a(v5_apijump.c.obj)
                0x0380b484                vexDeviceGpsModeSet
 .text.vexDeviceGpsOriginSet
                0x0380b4c4       0x50 C:\Program Files (x86)\VEX Robotics\VEXcode Pro V5\sdk/vexv5\libv5rt.a(v5_apijump.c.obj)
                0x0380b4c4                vexDeviceGpsOriginSet
 .text.vexDeviceGpsRotationSet
                0x0380b514       0x48 C:\Program Files (x86)\VEX Robotics\VEXcode Pro V5\sdk/vexv5\libv5rt.a(v5_apijump.c.obj)
                0x0380b514                vexDeviceGpsRotationSet
 .text.vexDeviceGpsRotationGet
                0x0380b55c       0x44 C:\Program Files (x86)\VEX Robotics\VEXcode Pro V5\sdk/vexv5\libv5rt.a(v5_apijump.c.obj)
                0x0380b55c                vexDeviceGpsRotationGet
 .text.vexDeviceGpsErrorGet
                0x0380b5a0       0x44 C:\Program Files (x86)\VEX Robotics\VEXcode Pro V5\sdk/vexv5\libv5rt.a(v5_apijump.c.obj)
                0x0380b5a0                vexDeviceGpsErrorGet
 .text.vexDisplayForegroundColor
                0x0380b5e4       0x24 C:\Program Files (x86)\VEX Robotics\VEXcode Pro V5\sdk/vexv5\libv5rt.a(v5_apijump.c.obj)
                0x0380b5e4                vexDisplayForegroundColor
 .text.vexDisplayBackgroundColor
                0x0380b608       0x24 C:\Program Files (x86)\VEX Robotics\VEXcode Pro V5\sdk/vexv5\libv5rt.a(v5_apijump.c.obj)
                0x0380b608                vexDisplayBackgroundColor
 .text.vexDisplayBackgroundColorGet
                0x0380b62c       0x1c C:\Program Files (x86)\VEX Robotics\VEXcode Pro V5\sdk/vexv5\libv5rt.a(v5_apijump.c.obj)
                0x0380b62c                vexDisplayBackgroundColorGet
 .text.vexDisplayRectDraw
                0x0380b648       0x4c C:\Program Files (x86)\VEX Robotics\VEXcode Pro V5\sdk/vexv5\libv5rt.a(v5_apijump.c.obj)
                0x0380b648                vexDisplayRectDraw
 .text.vexDisplayRectClear
                0x0380b694       0x4c C:\Program Files (x86)\VEX Robotics\VEXcode Pro V5\sdk/vexv5\libv5rt.a(v5_apijump.c.obj)
                0x0380b694                vexDisplayRectClear
 .text.vexDisplayCircleDraw
                0x0380b6e0       0x40 C:\Program Files (x86)\VEX Robotics\VEXcode Pro V5\sdk/vexv5\libv5rt.a(v5_apijump.c.obj)
                0x0380b6e0                vexDisplayCircleDraw
 .text.vexDisplayCircleClear
                0x0380b720       0x40 C:\Program Files (x86)\VEX Robotics\VEXcode Pro V5\sdk/vexv5\libv5rt.a(v5_apijump.c.obj)
                0x0380b720                vexDisplayCircleClear
 .text.vexDisplayVPrintf
                0x0380b760       0x50 C:\Program Files (x86)\VEX Robotics\VEXcode Pro V5\sdk/vexv5\libv5rt.a(v5_apijump.c.obj)
                0x0380b760                vexDisplayVPrintf
 .text.vexDisplayTextReference
                0x0380b7b0       0x24 C:\Program Files (x86)\VEX Robotics\VEXcode Pro V5\sdk/vexv5\libv5rt.a(v5_apijump.c.obj)
                0x0380b7b0                vexDisplayTextReference
 .text.vexDisplayTextSize
                0x0380b7d4       0x2c C:\Program Files (x86)\VEX Robotics\VEXcode Pro V5\sdk/vexv5\libv5rt.a(v5_apijump.c.obj)
                0x0380b7d4                vexDisplayTextSize
 .text.vexDisplayFontNamedSet
                0x0380b800       0x24 C:\Program Files (x86)\VEX Robotics\VEXcode Pro V5\sdk/vexv5\libv5rt.a(v5_apijump.c.obj)
                0x0380b800                vexDisplayFontNamedSet
 .text.vexDisplayPenSizeGet
                0x0380b824       0x1c C:\Program Files (x86)\VEX Robotics\VEXcode Pro V5\sdk/vexv5\libv5rt.a(v5_apijump.c.obj)
                0x0380b824                vexDisplayPenSizeGet
 .text.vexSystemStdlibImpureDataAddr
                0x0380b840       0x28 C:\Program Files (x86)\VEX Robotics\VEXcode Pro V5\sdk/vexv5\libv5rt.a(v5_apijump.c.obj)
                0x0380b840                vexSystemStdlibImpureDataAddr
 .text.vexSystemStdlibImpureDataSize
                0x0380b868       0x28 C:\Program Files (x86)\VEX Robotics\VEXcode Pro V5\sdk/vexv5\libv5rt.a(v5_apijump.c.obj)
                0x0380b868                vexSystemStdlibImpureDataSize
 .text.vexSystemSaveUserData
                0x0380b890       0x3c C:\Program Files (x86)\VEX Robotics\VEXcode Pro V5\sdk/vexv5\libv5rt.a(v5_apijump.c.obj)
                0x0380b890                vexSystemSaveUserData
 .text.vexTouchDataGet
                0x0380b8cc       0x10 C:\Program Files (x86)\VEX Robotics\VEXcode Pro V5\sdk/vexv5\libv5rt.a(v5_apijump.c.obj)
                0x0380b8cc                vexTouchDataGet
 .text.vexDisplayClearVsyncState
                0x0380b8dc       0x1c C:\Program Files (x86)\VEX Robotics\VEXcode Pro V5\sdk/vexv5\libv5rt.a(v5_apijump.c.obj)
                0x0380b8dc                vexDisplayClearVsyncState
 .text.vexDisplayGetVsyncState
                0x0380b8f8       0x1c C:\Program Files (x86)\VEX Robotics\VEXcode Pro V5\sdk/vexv5\libv5rt.a(v5_apijump.c.obj)
                0x0380b8f8                vexDisplayGetVsyncState
 .text.vexDisplayThemeIdGet
                0x0380b914       0x38 C:\Program Files (x86)\VEX Robotics\VEXcode Pro V5\sdk/vexv5\libv5rt.a(v5_apijump.c.obj)
                0x0380b914                vexDisplayThemeIdGet
 .text.vexDeviceEventMaskSet
                0x0380b94c       0x48 C:\Program Files (x86)\VEX Robotics\VEXcode Pro V5\sdk/vexv5\libv5rt.a(v5_apijump.c.obj)
                0x0380b94c                vexDeviceEventMaskSet
 .text.vexDeviceEventMaskGet
                0x0380b994       0x3c C:\Program Files (x86)\VEX Robotics\VEXcode Pro V5\sdk/vexv5\libv5rt.a(v5_apijump.c.obj)
                0x0380b994                vexDeviceEventMaskGet
 .text.vexSystemVersion
                0x0380b9d0       0x10 C:\Program Files (x86)\VEX Robotics\VEXcode Pro V5\sdk/vexv5\libv5rt.a(v5_apiversions.c.obj)
                0x0380b9d0                vexSystemVersion
 .text.vexStdlibVersion
                0x0380b9e0       0x10 C:\Program Files (x86)\VEX Robotics\VEXcode Pro V5\sdk/vexv5\libv5rt.a(v5_apiversions.c.obj)
                0x0380b9e0                vexStdlibVersion
 .text._ZN3vex5motorD2Ev
                0x0380b9f0       0x20 C:\Program Files (x86)\VEX Robotics\VEXcode Pro V5\sdk/vexv5\libv5rt.a(vex_motor.cpp.obj)
                0x0380b9f0                vex::motor::~motor()
                0x0380b9f0                vex::motor::~motor()
 .text._ZN3vex5motorD0Ev
                0x0380ba10       0x1c C:\Program Files (x86)\VEX Robotics\VEXcode Pro V5\sdk/vexv5\libv5rt.a(vex_motor.cpp.obj)
                0x0380ba10                vex::motor::~motor()
 .text._ZN3vex5motor9installedEv
                0x0380ba2c       0x18 C:\Program Files (x86)\VEX Robotics\VEXcode Pro V5\sdk/vexv5\libv5rt.a(vex_motor.cpp.obj)
                0x0380ba2c                vex::motor::installed()
 .text._ZN3vex5motor15defaultStoppingENS_9brakeTypeE
                0x0380ba44       0x30 C:\Program Files (x86)\VEX Robotics\VEXcode Pro V5\sdk/vexv5\libv5rt.a(vex_motor.cpp.obj)
                0x0380ba44                vex::motor::defaultStopping(vex::brakeType)
 .text._ZN3vex5motorC2El
                0x0380ba74       0x78 C:\Program Files (x86)\VEX Robotics\VEXcode Pro V5\sdk/vexv5\libv5rt.a(vex_motor.cpp.obj)
                0x0380ba74                vex::motor::motor(long)
                0x0380ba74                vex::motor::motor(long)
 .text._ZN3vex5motorC2ElNS_11gearSettingEb
                0x0380baec       0x34 C:\Program Files (x86)\VEX Robotics\VEXcode Pro V5\sdk/vexv5\libv5rt.a(vex_motor.cpp.obj)
                0x0380baec                vex::motor::motor(long, vex::gearSetting, bool)
                0x0380baec                vex::motor::motor(long, vex::gearSetting, bool)
 .text._ZN3vex5motor4spinENS_13directionTypeEdNS_12voltageUnitsE
                0x0380bb20       0x50 C:\Program Files (x86)\VEX Robotics\VEXcode Pro V5\sdk/vexv5\libv5rt.a(vex_motor.cpp.obj)
                0x0380bb20                vex::motor::spin(vex::directionType, double, vex::voltageUnits)
 .text._ZN3vex5motor4stopENS_9brakeTypeE
                0x0380bb70       0x30 C:\Program Files (x86)\VEX Robotics\VEXcode Pro V5\sdk/vexv5\libv5rt.a(vex_motor.cpp.obj)
                0x0380bb70                vex::motor::stop(vex::brakeType)
 .text._ZN3vex5motor16velocityToScaledEdNS_13velocityUnitsE
                0x0380bba0       0x5c C:\Program Files (x86)\VEX Robotics\VEXcode Pro V5\sdk/vexv5\libv5rt.a(vex_motor.cpp.obj)
                0x0380bba0                vex::motor::velocityToScaled(double, vex::velocityUnits)
 .text._ZN3vex5motor8velocityENS_13velocityUnitsE
                0x0380bbfc       0x30 C:\Program Files (x86)\VEX Robotics\VEXcode Pro V5\sdk/vexv5\libv5rt.a(vex_motor.cpp.obj)
                0x0380bbfc                vex::motor::velocity(vex::velocityUnits)
 .text._ZN3vex5motor5valueEv
                0x0380bc2c       0x1c C:\Program Files (x86)\VEX Robotics\VEXcode Pro V5\sdk/vexv5\libv5rt.a(vex_motor.cpp.obj)
                0x0380bc2c                vex::motor::value()
 .text._ZN3vex5motor16scaledToVelocityEdNS_13velocityUnitsE
                0x0380bc48       0xa4 C:\Program Files (x86)\VEX Robotics\VEXcode Pro V5\sdk/vexv5\libv5rt.a(vex_motor.cpp.obj)
                0x0380bc48                vex::motor::scaledToVelocity(double, vex::velocityUnits)
 .text._ZN3vex5motor4spinENS_13directionTypeEdNS_13velocityUnitsE
                0x0380bcec       0x5c C:\Program Files (x86)\VEX Robotics\VEXcode Pro V5\sdk/vexv5\libv5rt.a(vex_motor.cpp.obj)
                0x0380bcec                vex::motor::spin(vex::directionType, double, vex::velocityUnits)
 .text._ZN3vex5motor4spinENS_13directionTypeE
                0x0380bd48       0x28 C:\Program Files (x86)\VEX Robotics\VEXcode Pro V5\sdk/vexv5\libv5rt.a(vex_motor.cpp.obj)
                0x0380bd48                vex::motor::spin(vex::directionType)
 .text._ZN3vex5motor16setRotationUnitsENS_13rotationUnitsE
                0x0380bd70       0x1c C:\Program Files (x86)\VEX Robotics\VEXcode Pro V5\sdk/vexv5\libv5rt.a(vex_motor.cpp.obj)
                0x0380bd70                vex::motor::setRotationUnits(vex::rotationUnits)
 .text._ZN3vex5motor8rotationENS_13rotationUnitsE
                0x0380bd8c       0x44 C:\Program Files (x86)\VEX Robotics\VEXcode Pro V5\sdk/vexv5\libv5rt.a(vex_motor.cpp.obj)
                0x0380bd8c                vex::motor::rotation(vex::rotationUnits)
 .text._ZN3vex5motor8positionENS_13rotationUnitsE
                0x0380bdd0        0x4 C:\Program Files (x86)\VEX Robotics\VEXcode Pro V5\sdk/vexv5\libv5rt.a(vex_motor.cpp.obj)
                0x0380bdd0                vex::motor::position(vex::rotationUnits)
 .text._ZN3vex6vision9installedEv
                0x0380bdd4       0x18 C:\Program Files (x86)\VEX Robotics\VEXcode Pro V5\sdk/vexv5\libv5rt.a(vex_vision.cpp.obj)
                0x0380bdd4                vex::vision::installed()
 .text._ZN3vex6visionD2Ev
                0x0380bdec       0x38 C:\Program Files (x86)\VEX Robotics\VEXcode Pro V5\sdk/vexv5\libv5rt.a(vex_vision.cpp.obj)
                0x0380bdec                vex::vision::~vision()
                0x0380bdec                vex::vision::~vision()
 .text._ZN3vex6visionD0Ev
                0x0380be24       0x1c C:\Program Files (x86)\VEX Robotics\VEXcode Pro V5\sdk/vexv5\libv5rt.a(vex_vision.cpp.obj)
                0x0380be24                vex::vision::~vision()
 .text._ZN3vex6vision12setSignatureERNS0_9signatureE
                0x0380be40       0x70 C:\Program Files (x86)\VEX Robotics\VEXcode Pro V5\sdk/vexv5\libv5rt.a(vex_vision.cpp.obj)
                0x0380be40                vex::vision::setSignature(vex::vision::signature&)
 .text._ZN3vex6vision7setModeENS0_13detectionModeE
                0x0380beb0       0x18 C:\Program Files (x86)\VEX Robotics\VEXcode Pro V5\sdk/vexv5\libv5rt.a(vex_vision.cpp.obj)
                0x0380beb0                vex::vision::setMode(vex::vision::detectionMode)
 .text._ZN3vex6vision13setBrightnessEh
                0x0380bec8       0x30 C:\Program Files (x86)\VEX Robotics\VEXcode Pro V5\sdk/vexv5\libv5rt.a(vex_vision.cpp.obj)
                0x0380bec8                vex::vision::setBrightness(unsigned char)
 .text._ZN3vex6vision10setLedModeENS0_7ledModeE
                0x0380bef8       0x18 C:\Program Files (x86)\VEX Robotics\VEXcode Pro V5\sdk/vexv5\libv5rt.a(vex_vision.cpp.obj)
                0x0380bef8                vex::vision::setLedMode(vex::vision::ledMode)
 .text._ZN3vex6vision11setLedColorEhhh
                0x0380bf10       0x30 C:\Program Files (x86)\VEX Robotics\VEXcode Pro V5\sdk/vexv5\libv5rt.a(vex_vision.cpp.obj)
                0x0380bf10                vex::vision::setLedColor(unsigned char, unsigned char, unsigned char)
 .text._ZN3vex6vision9signatureD2Ev
                0x0380bf40        0x4 C:\Program Files (x86)\VEX Robotics\VEXcode Pro V5\sdk/vexv5\libv5rt.a(vex_vision.cpp.obj)
                0x0380bf40                vex::vision::signature::~signature()
                0x0380bf40                vex::vision::signature::~signature()
 .text._ZN3vex6vision9signature5clearEv
                0x0380bf44       0x38 C:\Program Files (x86)\VEX Robotics\VEXcode Pro V5\sdk/vexv5\libv5rt.a(vex_vision.cpp.obj)
                0x0380bf44                vex::vision::signature::clear()
 .text._ZN3vex6vision9signatureC2Ev
                0x0380bf7c       0x60 C:\Program Files (x86)\VEX Robotics\VEXcode Pro V5\sdk/vexv5\libv5rt.a(vex_vision.cpp.obj)
                0x0380bf7c                vex::vision::signature::signature()
                0x0380bf7c                vex::vision::signature::signature()
 .text._ZN3vex6vision9signatureC2Elllllllfl
                0x0380bfdc       0x5c C:\Program Files (x86)\VEX Robotics\VEXcode Pro V5\sdk/vexv5\libv5rt.a(vex_vision.cpp.obj)
                0x0380bfdc                vex::vision::signature::signature(long, long, long, long, long, long, long, float, long)
                0x0380bfdc                vex::vision::signature::signature(long, long, long, long, long, long, long, float, long)
 .text._ZN3vex6vision6object3setE22_V5_DeviceVisionObject
                0x0380c038       0x78 C:\Program Files (x86)\VEX Robotics\VEXcode Pro V5\sdk/vexv5\libv5rt.a(vex_vision.cpp.obj)
                0x0380c038                vex::vision::object::set(_V5_DeviceVisionObject)
 .text._ZN3vex6vision6object5clearEv
                0x0380c0b0       0x38 C:\Program Files (x86)\VEX Robotics\VEXcode Pro V5\sdk/vexv5\libv5rt.a(vex_vision.cpp.obj)
                0x0380c0b0                vex::vision::object::clear()
 .text._ZN3vex6vision6objectC2Ev
                0x0380c0e8       0x58 C:\Program Files (x86)\VEX Robotics\VEXcode Pro V5\sdk/vexv5\libv5rt.a(vex_vision.cpp.obj)
                0x0380c0e8                vex::vision::object::object()
                0x0380c0e8                vex::vision::object::object()
 .text._ZN3vex6vision13_clearObjectsEv
                0x0380c140       0x40 C:\Program Files (x86)\VEX Robotics\VEXcode Pro V5\sdk/vexv5\libv5rt.a(vex_vision.cpp.obj)
                0x0380c140                vex::vision::_clearObjects()
 .text._ZN3vex6vision6objectaSERKS1_
                0x0380c180       0x74 C:\Program Files (x86)\VEX Robotics\VEXcode Pro V5\sdk/vexv5\libv5rt.a(vex_vision.cpp.obj)
                0x0380c180                vex::vision::object::operator=(vex::vision::object const&)
 .text._ZN3vex6vision12takeSnapshotEmm
                0x0380c1f4       0xf4 C:\Program Files (x86)\VEX Robotics\VEXcode Pro V5\sdk/vexv5\libv5rt.a(vex_vision.cpp.obj)
                0x0380c1f4                vex::vision::takeSnapshot(unsigned long, unsigned long)
 .text._ZN3vex6vision12takeSnapshotEm
                0x0380c2e8        0x8 C:\Program Files (x86)\VEX Robotics\VEXcode Pro V5\sdk/vexv5\libv5rt.a(vex_vision.cpp.obj)
                0x0380c2e8                vex::vision::takeSnapshot(unsigned long)
 .text._ZN3vex6vision5valueEv
                0x0380c2f0        0x8 C:\Program Files (x86)\VEX Robotics\VEXcode Pro V5\sdk/vexv5\libv5rt.a(vex_vision.cpp.obj)
                0x0380c2f0                vex::vision::value()
 .text._ZN3vex6vision12takeSnapshotERNS0_9signatureE
                0x0380c2f8       0x10 C:\Program Files (x86)\VEX Robotics\VEXcode Pro V5\sdk/vexv5\libv5rt.a(vex_vision.cpp.obj)
                0x0380c2f8                vex::vision::takeSnapshot(vex::vision::signature&)
 .text._ZN3vex6vision6objectaSEl
                0x0380c308       0x38 C:\Program Files (x86)\VEX Robotics\VEXcode Pro V5\sdk/vexv5\libv5rt.a(vex_vision.cpp.obj)
                0x0380c308                vex::vision::object::operator=(long)
 .text._ZN3vex6visionC2El
                0x0380c340       0xa4 C:\Program Files (x86)\VEX Robotics\VEXcode Pro V5\sdk/vexv5\libv5rt.a(vex_vision.cpp.obj)
                0x0380c340                vex::vision::vision(long)
                0x0380c340                vex::vision::vision(long)
 *fill*         0x0380c3e4        0x4 
 .text._ZN3vex8inertial10setHeadingEdNS_13rotationUnitsE
                0x0380c3e8       0x58 C:\Program Files (x86)\VEX Robotics\VEXcode Pro V5\sdk/vexv5\libv5rt.a(vex_imu.cpp.obj)
                0x0380c3e8                vex::inertial::setHeading(double, vex::rotationUnits)
 .text._ZThn16_N3vex8inertial10setHeadingEdNS_13rotationUnitsE
                0x0380c440        0x8 C:\Program Files (x86)\VEX Robotics\VEXcode Pro V5\sdk/vexv5\libv5rt.a(vex_imu.cpp.obj)
                0x0380c440                non-virtual thunk to vex::inertial::setHeading(double, vex::rotationUnits)
 .text._ZN3vex8inertial11setRotationEdNS_13rotationUnitsE
                0x0380c448       0x58 C:\Program Files (x86)\VEX Robotics\VEXcode Pro V5\sdk/vexv5\libv5rt.a(vex_imu.cpp.obj)
                0x0380c448                vex::inertial::setRotation(double, vex::rotationUnits)
 .text._ZThn16_N3vex8inertial11setRotationEdNS_13rotationUnitsE
                0x0380c4a0        0x8 C:\Program Files (x86)\VEX Robotics\VEXcode Pro V5\sdk/vexv5\libv5rt.a(vex_imu.cpp.obj)
                0x0380c4a0                non-virtual thunk to vex::inertial::setRotation(double, vex::rotationUnits)
 .text._ZN3vex8inertialD2Ev
                0x0380c4a8       0x20 C:\Program Files (x86)\VEX Robotics\VEXcode Pro V5\sdk/vexv5\libv5rt.a(vex_imu.cpp.obj)
                0x0380c4a8                vex::inertial::~inertial()
                0x0380c4a8                vex::inertial::~inertial()
 .text._ZThn16_N3vex8inertialD1Ev
                0x0380c4c8        0x8 C:\Program Files (x86)\VEX Robotics\VEXcode Pro V5\sdk/vexv5\libv5rt.a(vex_imu.cpp.obj)
                0x0380c4c8                non-virtual thunk to vex::inertial::~inertial()
 .text._ZN3vex8inertialD0Ev
                0x0380c4d0       0x1c C:\Program Files (x86)\VEX Robotics\VEXcode Pro V5\sdk/vexv5\libv5rt.a(vex_imu.cpp.obj)
                0x0380c4d0                vex::inertial::~inertial()
 .text._ZThn16_N3vex8inertialD0Ev
                0x0380c4ec        0x8 C:\Program Files (x86)\VEX Robotics\VEXcode Pro V5\sdk/vexv5\libv5rt.a(vex_imu.cpp.obj)
                0x0380c4ec                non-virtual thunk to vex::inertial::~inertial()
 .text._ZN3vex8inertial9installedEv
                0x0380c4f4       0x18 C:\Program Files (x86)\VEX Robotics\VEXcode Pro V5\sdk/vexv5\libv5rt.a(vex_imu.cpp.obj)
                0x0380c4f4                vex::inertial::installed()
 .text._ZN3vex8inertial5angleENS_13rotationUnitsE
                0x0380c50c       0x60 C:\Program Files (x86)\VEX Robotics\VEXcode Pro V5\sdk/vexv5\libv5rt.a(vex_imu.cpp.obj)
                0x0380c50c                vex::inertial::angle(vex::rotationUnits)
 .text._ZThn16_N3vex8inertial5angleENS_13rotationUnitsE
                0x0380c56c        0x8 C:\Program Files (x86)\VEX Robotics\VEXcode Pro V5\sdk/vexv5\libv5rt.a(vex_imu.cpp.obj)
                0x0380c56c                non-virtual thunk to vex::inertial::angle(vex::rotationUnits)
 .text._ZN3vex8inertial7headingENS_13rotationUnitsE
                0x0380c574        0x4 C:\Program Files (x86)\VEX Robotics\VEXcode Pro V5\sdk/vexv5\libv5rt.a(vex_imu.cpp.obj)
                0x0380c574                vex::inertial::heading(vex::rotationUnits)
 .text._ZThn16_N3vex8inertial7headingENS_13rotationUnitsE
                0x0380c578        0x8 C:\Program Files (x86)\VEX Robotics\VEXcode Pro V5\sdk/vexv5\libv5rt.a(vex_imu.cpp.obj)
                0x0380c578                non-virtual thunk to vex::inertial::heading(vex::rotationUnits)
 .text._ZN3vex8inertial5valueEv
                0x0380c580       0x1c C:\Program Files (x86)\VEX Robotics\VEXcode Pro V5\sdk/vexv5\libv5rt.a(vex_imu.cpp.obj)
                0x0380c580                vex::inertial::value()
 *fill*         0x0380c59c        0x4 
 .text._ZN3vex8inertial8rotationENS_13rotationUnitsE
                0x0380c5a0       0x40 C:\Program Files (x86)\VEX Robotics\VEXcode Pro V5\sdk/vexv5\libv5rt.a(vex_imu.cpp.obj)
                0x0380c5a0                vex::inertial::rotation(vex::rotationUnits)
 .text._ZThn16_N3vex8inertial8rotationENS_13rotationUnitsE
                0x0380c5e0        0x8 C:\Program Files (x86)\VEX Robotics\VEXcode Pro V5\sdk/vexv5\libv5rt.a(vex_imu.cpp.obj)
                0x0380c5e0                non-virtual thunk to vex::inertial::rotation(vex::rotationUnits)
 .text._ZN3vex8inertial13isCalibratingEv
                0x0380c5e8       0x38 C:\Program Files (x86)\VEX Robotics\VEXcode Pro V5\sdk/vexv5\libv5rt.a(vex_imu.cpp.obj)
                0x0380c5e8                vex::inertial::isCalibrating()
 .text._ZThn16_N3vex8inertial13isCalibratingEv
                0x0380c620        0x8 C:\Program Files (x86)\VEX Robotics\VEXcode Pro V5\sdk/vexv5\libv5rt.a(vex_imu.cpp.obj)
                0x0380c620                non-virtual thunk to vex::inertial::isCalibrating()
 .text._ZN3vex8inertialC2El
                0x0380c628       0x48 C:\Program Files (x86)\VEX Robotics\VEXcode Pro V5\sdk/vexv5\libv5rt.a(vex_imu.cpp.obj)
                0x0380c628                vex::inertial::inertial(long)
                0x0380c628                vex::inertial::inertial(long)
 .text._ZN3vex8inertial4rollENS_13rotationUnitsE
                0x0380c670       0x40 C:\Program Files (x86)\VEX Robotics\VEXcode Pro V5\sdk/vexv5\libv5rt.a(vex_imu.cpp.obj)
                0x0380c670                vex::inertial::roll(vex::rotationUnits)
 .text._ZN3vex8inertial5pitchENS_13rotationUnitsE
                0x0380c6b0       0x40 C:\Program Files (x86)\VEX Robotics\VEXcode Pro V5\sdk/vexv5\libv5rt.a(vex_imu.cpp.obj)
                0x0380c6b0                vex::inertial::pitch(vex::rotationUnits)
 .text._ZN3vex8inertial3yawENS_13rotationUnitsE
                0x0380c6f0       0x40 C:\Program Files (x86)\VEX Robotics\VEXcode Pro V5\sdk/vexv5\libv5rt.a(vex_imu.cpp.obj)
                0x0380c6f0                vex::inertial::yaw(vex::rotationUnits)
 .text._ZN3vex8inertial11orientationENS_15orientationTypeENS_13rotationUnitsE
                0x0380c730       0x24 C:\Program Files (x86)\VEX Robotics\VEXcode Pro V5\sdk/vexv5\libv5rt.a(vex_imu.cpp.obj)
                0x0380c730                vex::inertial::orientation(vex::orientationType, vex::rotationUnits)
 .text._ZN3vex8inertial16startCalibrationEl
                0x0380c754       0x20 C:\Program Files (x86)\VEX Robotics\VEXcode Pro V5\sdk/vexv5\libv5rt.a(vex_imu.cpp.obj)
                0x0380c754                vex::inertial::startCalibration(long)
 .text._ZN3vex8inertial9calibrateEl
                0x0380c774        0xc C:\Program Files (x86)\VEX Robotics\VEXcode Pro V5\sdk/vexv5\libv5rt.a(vex_imu.cpp.obj)
                0x0380c774                vex::inertial::calibrate(long)
                0x0380c778                non-virtual thunk to vex::inertial::calibrate(long)
 .text._ZN3vex8distanceD2Ev
                0x0380c780       0x20 C:\Program Files (x86)\VEX Robotics\VEXcode Pro V5\sdk/vexv5\libv5rt.a(vex_distance.cpp.obj)
                0x0380c780                vex::distance::~distance()
                0x0380c780                vex::distance::~distance()
 .text._ZN3vex8distanceD0Ev
                0x0380c7a0       0x1c C:\Program Files (x86)\VEX Robotics\VEXcode Pro V5\sdk/vexv5\libv5rt.a(vex_distance.cpp.obj)
                0x0380c7a0                vex::distance::~distance()
 .text._ZN3vex8distance9installedEv
                0x0380c7bc       0x18 C:\Program Files (x86)\VEX Robotics\VEXcode Pro V5\sdk/vexv5\libv5rt.a(vex_distance.cpp.obj)
                0x0380c7bc                vex::distance::installed()
 .text._ZN3vex8distance5valueEv
                0x0380c7d4        0x8 C:\Program Files (x86)\VEX Robotics\VEXcode Pro V5\sdk/vexv5\libv5rt.a(vex_distance.cpp.obj)
                0x0380c7d4                vex::distance::value()
 .text._ZN3vex8distanceC2El
                0x0380c7dc       0x20 C:\Program Files (x86)\VEX Robotics\VEXcode Pro V5\sdk/vexv5\libv5rt.a(vex_distance.cpp.obj)
                0x0380c7dc                vex::distance::distance(long)
                0x0380c7dc                vex::distance::distance(long)
 *fill*         0x0380c7fc        0x4 
 .text._ZN3vex3gps10setHeadingEdNS_13rotationUnitsE
                0x0380c800       0x58 C:\Program Files (x86)\VEX Robotics\VEXcode Pro V5\sdk/vexv5\libv5rt.a(vex_gps.cpp.obj)
                0x0380c800                vex::gps::setHeading(double, vex::rotationUnits)
 .text._ZThn16_N3vex3gps10setHeadingEdNS_13rotationUnitsE
                0x0380c858        0x8 C:\Program Files (x86)\VEX Robotics\VEXcode Pro V5\sdk/vexv5\libv5rt.a(vex_gps.cpp.obj)
                0x0380c858                non-virtual thunk to vex::gps::setHeading(double, vex::rotationUnits)
 .text._ZN3vex3gps11setRotationEdNS_13rotationUnitsE
                0x0380c860       0x58 C:\Program Files (x86)\VEX Robotics\VEXcode Pro V5\sdk/vexv5\libv5rt.a(vex_gps.cpp.obj)
                0x0380c860                vex::gps::setRotation(double, vex::rotationUnits)
 .text._ZThn16_N3vex3gps11setRotationEdNS_13rotationUnitsE
                0x0380c8b8        0x8 C:\Program Files (x86)\VEX Robotics\VEXcode Pro V5\sdk/vexv5\libv5rt.a(vex_gps.cpp.obj)
                0x0380c8b8                non-virtual thunk to vex::gps::setRotation(double, vex::rotationUnits)
 .text._ZN3vex3gpsD2Ev
                0x0380c8c0       0x20 C:\Program Files (x86)\VEX Robotics\VEXcode Pro V5\sdk/vexv5\libv5rt.a(vex_gps.cpp.obj)
                0x0380c8c0                vex::gps::~gps()
                0x0380c8c0                vex::gps::~gps()
 .text._ZThn16_N3vex3gpsD1Ev
                0x0380c8e0        0x8 C:\Program Files (x86)\VEX Robotics\VEXcode Pro V5\sdk/vexv5\libv5rt.a(vex_gps.cpp.obj)
                0x0380c8e0                non-virtual thunk to vex::gps::~gps()
 .text._ZN3vex3gpsD0Ev
                0x0380c8e8       0x1c C:\Program Files (x86)\VEX Robotics\VEXcode Pro V5\sdk/vexv5\libv5rt.a(vex_gps.cpp.obj)
                0x0380c8e8                vex::gps::~gps()
 .text._ZThn16_N3vex3gpsD0Ev
                0x0380c904        0x8 C:\Program Files (x86)\VEX Robotics\VEXcode Pro V5\sdk/vexv5\libv5rt.a(vex_gps.cpp.obj)
                0x0380c904                non-virtual thunk to vex::gps::~gps()
 .text._ZN3vex3gps9installedEv
                0x0380c90c       0x18 C:\Program Files (x86)\VEX Robotics\VEXcode Pro V5\sdk/vexv5\libv5rt.a(vex_gps.cpp.obj)
                0x0380c90c                vex::gps::installed()
 .text._ZN3vex3gps5angleENS_13rotationUnitsE
                0x0380c924       0x78 C:\Program Files (x86)\VEX Robotics\VEXcode Pro V5\sdk/vexv5\libv5rt.a(vex_gps.cpp.obj)
                0x0380c924                vex::gps::angle(vex::rotationUnits)
 .text._ZThn16_N3vex3gps5angleENS_13rotationUnitsE
                0x0380c99c        0x8 C:\Program Files (x86)\VEX Robotics\VEXcode Pro V5\sdk/vexv5\libv5rt.a(vex_gps.cpp.obj)
                0x0380c99c                non-virtual thunk to vex::gps::angle(vex::rotationUnits)
 .text._ZN3vex3gps7headingENS_13rotationUnitsE
                0x0380c9a4        0x4 C:\Program Files (x86)\VEX Robotics\VEXcode Pro V5\sdk/vexv5\libv5rt.a(vex_gps.cpp.obj)
                0x0380c9a4                vex::gps::heading(vex::rotationUnits)
 .text._ZThn16_N3vex3gps7headingENS_13rotationUnitsE
                0x0380c9a8        0x8 C:\Program Files (x86)\VEX Robotics\VEXcode Pro V5\sdk/vexv5\libv5rt.a(vex_gps.cpp.obj)
                0x0380c9a8                non-virtual thunk to vex::gps::heading(vex::rotationUnits)
 .text._ZN3vex3gps5valueEv
                0x0380c9b0       0x1c C:\Program Files (x86)\VEX Robotics\VEXcode Pro V5\sdk/vexv5\libv5rt.a(vex_gps.cpp.obj)
                0x0380c9b0                vex::gps::value()
 *fill*         0x0380c9cc        0x4 
 .text._ZN3vex3gps8rotationENS_13rotationUnitsE
                0x0380c9d0       0x58 C:\Program Files (x86)\VEX Robotics\VEXcode Pro V5\sdk/vexv5\libv5rt.a(vex_gps.cpp.obj)
                0x0380c9d0                vex::gps::rotation(vex::rotationUnits)
 .text._ZThn16_N3vex3gps8rotationENS_13rotationUnitsE
                0x0380ca28        0x8 C:\Program Files (x86)\VEX Robotics\VEXcode Pro V5\sdk/vexv5\libv5rt.a(vex_gps.cpp.obj)
                0x0380ca28                non-virtual thunk to vex::gps::rotation(vex::rotationUnits)
 .text._ZN3vex3gps13isCalibratingEv
                0x0380ca30       0x38 C:\Program Files (x86)\VEX Robotics\VEXcode Pro V5\sdk/vexv5\libv5rt.a(vex_gps.cpp.obj)
                0x0380ca30                vex::gps::isCalibrating()
 .text._ZThn16_N3vex3gps13isCalibratingEv
                0x0380ca68        0x8 C:\Program Files (x86)\VEX Robotics\VEXcode Pro V5\sdk/vexv5\libv5rt.a(vex_gps.cpp.obj)
                0x0380ca68                non-virtual thunk to vex::gps::isCalibrating()
 .text._ZN3vex3gps17setSensorRotationEd
                0x0380ca70        0x8 C:\Program Files (x86)\VEX Robotics\VEXcode Pro V5\sdk/vexv5\libv5rt.a(vex_gps.cpp.obj)
                0x0380ca70                vex::gps::setSensorRotation(double)
 .text._ZN3vex3gpsC2Eld
                0x0380ca78       0x70 C:\Program Files (x86)\VEX Robotics\VEXcode Pro V5\sdk/vexv5\libv5rt.a(vex_gps.cpp.obj)
                0x0380ca78                vex::gps::gps(long, double)
                0x0380ca78                vex::gps::gps(long, double)
 .text._ZN3vex3gps9setOriginEddNS_13distanceUnitsE
                0x0380cae8       0x68 C:\Program Files (x86)\VEX Robotics\VEXcode Pro V5\sdk/vexv5\libv5rt.a(vex_gps.cpp.obj)
                0x0380cae8                vex::gps::setOrigin(double, double, vex::distanceUnits)
 .text._ZN3vex3gpsC2ElddNS_13distanceUnitsEd
                0x0380cb50       0x44 C:\Program Files (x86)\VEX Robotics\VEXcode Pro V5\sdk/vexv5\libv5rt.a(vex_gps.cpp.obj)
                0x0380cb50                vex::gps::gps(long, double, double, vex::distanceUnits, double)
                0x0380cb50                vex::gps::gps(long, double, double, vex::distanceUnits, double)
 *fill*         0x0380cb94        0x4 
 .text._ZN3vex3gps9xPositionENS_13distanceUnitsE
                0x0380cb98       0x70 C:\Program Files (x86)\VEX Robotics\VEXcode Pro V5\sdk/vexv5\libv5rt.a(vex_gps.cpp.obj)
                0x0380cb98                vex::gps::xPosition(vex::distanceUnits)
 .text._ZN3vex3gps9yPositionENS_13distanceUnitsE
                0x0380cc08       0x70 C:\Program Files (x86)\VEX Robotics\VEXcode Pro V5\sdk/vexv5\libv5rt.a(vex_gps.cpp.obj)
                0x0380cc08                vex::gps::yPosition(vex::distanceUnits)
 .text._ZN3vex3gps16startCalibrationEl
                0x0380cc78       0x48 C:\Program Files (x86)\VEX Robotics\VEXcode Pro V5\sdk/vexv5\libv5rt.a(vex_gps.cpp.obj)
                0x0380cc78                vex::gps::startCalibration(long)
 .text._ZN3vex3gps9calibrateEl
                0x0380ccc0        0xc C:\Program Files (x86)\VEX Robotics\VEXcode Pro V5\sdk/vexv5\libv5rt.a(vex_gps.cpp.obj)
                0x0380ccc0                vex::gps::calibrate(long)
                0x0380ccc4                non-virtual thunk to vex::gps::calibrate(long)
 *fill*         0x0380cccc        0x4 
 .text._ZN3vex3gps7qualityEv
                0x0380ccd0       0x68 C:\Program Files (x86)\VEX Robotics\VEXcode Pro V5\sdk/vexv5\libv5rt.a(vex_gps.cpp.obj)
                0x0380ccd0                vex::gps::quality()
 .text._ZN3vex10controllerD2Ev
                0x0380cd38        0x4 C:\Program Files (x86)\VEX Robotics\VEXcode Pro V5\sdk/vexv5\libv5rt.a(vex_controller.cpp.obj)
                0x0380cd38                vex::controller::~controller()
                0x0380cd38                vex::controller::~controller()
 .text._ZN3vex10controller5valueE19_V5_ControllerIndex
                0x0380cd3c        0x8 C:\Program Files (x86)\VEX Robotics\VEXcode Pro V5\sdk/vexv5\libv5rt.a(vex_controller.cpp.obj)
                0x0380cd3c                vex::controller::value(_V5_ControllerIndex)
 .text._ZN3vex10controller6button8pressingEv
                0x0380cd44       0xc8 C:\Program Files (x86)\VEX Robotics\VEXcode Pro V5\sdk/vexv5\libv5rt.a(vex_controller.cpp.obj)
                0x0380cd44                vex::controller::button::pressing()
 .text._ZN3vex10controller6button21_buttonToPressedEventEv
                0x0380ce0c       0x20 C:\Program Files (x86)\VEX Robotics\VEXcode Pro V5\sdk/vexv5\libv5rt.a(vex_controller.cpp.obj)
                0x0380ce0c                vex::controller::button::_buttonToPressedEvent()
 .text._ZN3vex10controller6button22_buttonToReleasedEventEv
                0x0380ce2c       0x20 C:\Program Files (x86)\VEX Robotics\VEXcode Pro V5\sdk/vexv5\libv5rt.a(vex_controller.cpp.obj)
                0x0380ce2c                vex::controller::button::_buttonToReleasedEvent()
 .text._ZN3vex10controller6buttonC2ENS0_11tButtonTypeEPS0_
                0x0380ce4c       0x48 C:\Program Files (x86)\VEX Robotics\VEXcode Pro V5\sdk/vexv5\libv5rt.a(vex_controller.cpp.obj)
                0x0380ce4c                vex::controller::button::button(vex::controller::tButtonType, vex::controller*)
                0x0380ce4c                vex::controller::button::button(vex::controller::tButtonType, vex::controller*)
 .text._ZN3vex10controller4axis5valueEv
                0x0380ce94       0x58 C:\Program Files (x86)\VEX Robotics\VEXcode Pro V5\sdk/vexv5\libv5rt.a(vex_controller.cpp.obj)
                0x0380ce94                vex::controller::axis::value()
 .text._ZN3vex10controller4axis23_joystickToChangedEventEv
                0x0380ceec       0x20 C:\Program Files (x86)\VEX Robotics\VEXcode Pro V5\sdk/vexv5\libv5rt.a(vex_controller.cpp.obj)
                0x0380ceec                vex::controller::axis::_joystickToChangedEvent()
 .text._ZN3vex10controller4axisC2ENS0_9tAxisTypeEPS0_
                0x0380cf0c       0x2c C:\Program Files (x86)\VEX Robotics\VEXcode Pro V5\sdk/vexv5\libv5rt.a(vex_controller.cpp.obj)
                0x0380cf0c                vex::controller::axis::axis(vex::controller::tAxisType, vex::controller*)
                0x0380cf0c                vex::controller::axis::axis(vex::controller::tAxisType, vex::controller*)
 .text._ZN3vex10controllerC2ENS_14controllerTypeE
                0x0380cf38      0x204 C:\Program Files (x86)\VEX Robotics\VEXcode Pro V5\sdk/vexv5\libv5rt.a(vex_controller.cpp.obj)
                0x0380cf38                vex::controller::controller(vex::controllerType)
                0x0380cf38                vex::controller::controller(vex::controllerType)
 .text._ZN3vex10controllerC2Ev
                0x0380d13c      0x204 C:\Program Files (x86)\VEX Robotics\VEXcode Pro V5\sdk/vexv5\libv5rt.a(vex_controller.cpp.obj)
                0x0380d13c                vex::controller::controller()
                0x0380d13c                vex::controller::controller()
 .text._ZN3vex4taskC2EPFivE
                0x0380d340       0x5c C:\Program Files (x86)\VEX Robotics\VEXcode Pro V5\sdk/vexv5\libv5rt.a(vex_task.cpp.obj)
                0x0380d340                vex::task::task(int (*)())
                0x0380d340                vex::task::task(int (*)())
 .text._ZN3vex4taskD2Ev
                0x0380d39c        0x4 C:\Program Files (x86)\VEX Robotics\VEXcode Pro V5\sdk/vexv5\libv5rt.a(vex_task.cpp.obj)
                0x0380d39c                vex::task::~task()
                0x0380d39c                vex::task::~task()
 .text._ZN3vex4task4stopERKS0_
                0x0380d3a0       0x18 C:\Program Files (x86)\VEX Robotics\VEXcode Pro V5\sdk/vexv5\libv5rt.a(vex_task.cpp.obj)